Archive member included to satisfy reference by file (symbol)

C:/ST/STM32CubeIDE_1.14.1/STM32CubeIDE/plugins/com.st.stm32cube.ide.mcu.externaltools.gnu-tools-for-stm32.12.3.rel1.win32_1.0.100.202403111256/tools/bin/../lib/gcc/arm-none-eabi/12.3.1/../../../../arm-none-eabi/lib/thumb/v7e-m+fp/hard\libc_nano.a(libc_a-exit.o)
                              C:/ST/STM32CubeIDE_1.14.1/STM32CubeIDE/plugins/com.st.stm32cube.ide.mcu.externaltools.gnu-tools-for-stm32.12.3.rel1.win32_1.0.100.202403111256/tools/bin/../lib/gcc/arm-none-eabi/12.3.1/../../../../arm-none-eabi/lib/thumb/v7e-m+fp/hard/crt0.o (exit)
C:/ST/STM32CubeIDE_1.14.1/STM32CubeIDE/plugins/com.st.stm32cube.ide.mcu.externaltools.gnu-tools-for-stm32.12.3.rel1.win32_1.0.100.202403111256/tools/bin/../lib/gcc/arm-none-eabi/12.3.1/../../../../arm-none-eabi/lib/thumb/v7e-m+fp/hard\libc_nano.a(libc_a-findfp.o)
                              C:/ST/STM32CubeIDE_1.14.1/STM32CubeIDE/plugins/com.st.stm32cube.ide.mcu.externaltools.gnu-tools-for-stm32.12.3.rel1.win32_1.0.100.202403111256/tools/bin/../lib/gcc/arm-none-eabi/12.3.1/../../../../arm-none-eabi/lib/thumb/v7e-m+fp/hard\libc_nano.a(libc_a-exit.o) (__stdio_exit_handler)
C:/ST/STM32CubeIDE_1.14.1/STM32CubeIDE/plugins/com.st.stm32cube.ide.mcu.externaltools.gnu-tools-for-stm32.12.3.rel1.win32_1.0.100.202403111256/tools/bin/../lib/gcc/arm-none-eabi/12.3.1/../../../../arm-none-eabi/lib/thumb/v7e-m+fp/hard\libc_nano.a(libc_a-fwalk.o)
                              C:/ST/STM32CubeIDE_1.14.1/STM32CubeIDE/plugins/com.st.stm32cube.ide.mcu.externaltools.gnu-tools-for-stm32.12.3.rel1.win32_1.0.100.202403111256/tools/bin/../lib/gcc/arm-none-eabi/12.3.1/../../../../arm-none-eabi/lib/thumb/v7e-m+fp/hard\libc_nano.a(libc_a-findfp.o) (_fwalk_sglue)
C:/ST/STM32CubeIDE_1.14.1/STM32CubeIDE/plugins/com.st.stm32cube.ide.mcu.externaltools.gnu-tools-for-stm32.12.3.rel1.win32_1.0.100.202403111256/tools/bin/../lib/gcc/arm-none-eabi/12.3.1/../../../../arm-none-eabi/lib/thumb/v7e-m+fp/hard\libc_nano.a(libc_a-stdio.o)
                              C:/ST/STM32CubeIDE_1.14.1/STM32CubeIDE/plugins/com.st.stm32cube.ide.mcu.externaltools.gnu-tools-for-stm32.12.3.rel1.win32_1.0.100.202403111256/tools/bin/../lib/gcc/arm-none-eabi/12.3.1/../../../../arm-none-eabi/lib/thumb/v7e-m+fp/hard\libc_nano.a(libc_a-findfp.o) (__sread)
C:/ST/STM32CubeIDE_1.14.1/STM32CubeIDE/plugins/com.st.stm32cube.ide.mcu.externaltools.gnu-tools-for-stm32.12.3.rel1.win32_1.0.100.202403111256/tools/bin/../lib/gcc/arm-none-eabi/12.3.1/../../../../arm-none-eabi/lib/thumb/v7e-m+fp/hard\libc_nano.a(libc_a-vsnprintf.o)
                              ./Core/Src/main.o (vsnprintf)
C:/ST/STM32CubeIDE_1.14.1/STM32CubeIDE/plugins/com.st.stm32cube.ide.mcu.externaltools.gnu-tools-for-stm32.12.3.rel1.win32_1.0.100.202403111256/tools/bin/../lib/gcc/arm-none-eabi/12.3.1/../../../../arm-none-eabi/lib/thumb/v7e-m+fp/hard\libc_nano.a(libc_a-memset.o)
                              C:/ST/STM32CubeIDE_1.14.1/STM32CubeIDE/plugins/com.st.stm32cube.ide.mcu.externaltools.gnu-tools-for-stm32.12.3.rel1.win32_1.0.100.202403111256/tools/bin/../lib/gcc/arm-none-eabi/12.3.1/../../../../arm-none-eabi/lib/thumb/v7e-m+fp/hard/crt0.o (memset)
C:/ST/STM32CubeIDE_1.14.1/STM32CubeIDE/plugins/com.st.stm32cube.ide.mcu.externaltools.gnu-tools-for-stm32.12.3.rel1.win32_1.0.100.202403111256/tools/bin/../lib/gcc/arm-none-eabi/12.3.1/../../../../arm-none-eabi/lib/thumb/v7e-m+fp/hard\libc_nano.a(libc_a-closer.o)
                              C:/ST/STM32CubeIDE_1.14.1/STM32CubeIDE/plugins/com.st.stm32cube.ide.mcu.externaltools.gnu-tools-for-stm32.12.3.rel1.win32_1.0.100.202403111256/tools/bin/../lib/gcc/arm-none-eabi/12.3.1/../../../../arm-none-eabi/lib/thumb/v7e-m+fp/hard\libc_nano.a(libc_a-stdio.o) (_close_r)
C:/ST/STM32CubeIDE_1.14.1/STM32CubeIDE/plugins/com.st.stm32cube.ide.mcu.externaltools.gnu-tools-for-stm32.12.3.rel1.win32_1.0.100.202403111256/tools/bin/../lib/gcc/arm-none-eabi/12.3.1/../../../../arm-none-eabi/lib/thumb/v7e-m+fp/hard\libc_nano.a(libc_a-reent.o)
                              C:/ST/STM32CubeIDE_1.14.1/STM32CubeIDE/plugins/com.st.stm32cube.ide.mcu.externaltools.gnu-tools-for-stm32.12.3.rel1.win32_1.0.100.202403111256/tools/bin/../lib/gcc/arm-none-eabi/12.3.1/../../../../arm-none-eabi/lib/thumb/v7e-m+fp/hard\libc_nano.a(libc_a-closer.o) (errno)
C:/ST/STM32CubeIDE_1.14.1/STM32CubeIDE/plugins/com.st.stm32cube.ide.mcu.externaltools.gnu-tools-for-stm32.12.3.rel1.win32_1.0.100.202403111256/tools/bin/../lib/gcc/arm-none-eabi/12.3.1/../../../../arm-none-eabi/lib/thumb/v7e-m+fp/hard\libc_nano.a(libc_a-impure.o)
                              C:/ST/STM32CubeIDE_1.14.1/STM32CubeIDE/plugins/com.st.stm32cube.ide.mcu.externaltools.gnu-tools-for-stm32.12.3.rel1.win32_1.0.100.202403111256/tools/bin/../lib/gcc/arm-none-eabi/12.3.1/../../../../arm-none-eabi/lib/thumb/v7e-m+fp/hard\libc_nano.a(libc_a-vsnprintf.o) (_impure_ptr)
[...]
Memory Configuration

Name             Origin             Length             Attributes
RAM              0x20000000         0x00020000         xrw
FLASH            0x08000000         0x00080000         xr
*default*        0x00000000         0xffffffff

Linker script and memory map

LOAD C:/ST/STM32CubeIDE_1.14.1/STM32CubeIDE/plugins/com.st.stm32cube.ide.mcu.externaltools.gnu-tools-for-stm32.12.3.rel1.win32_1.0.100.202403111256/tools/bin/../lib/gcc/arm-none-eabi/12.3.1/thumb/v7e-m+fp/hard/crti.o
LOAD C:/ST/STM32CubeIDE_1.14.1/STM32CubeIDE/plugins/com.st.stm32cube.ide.mcu.externaltools.gnu-tools-for-stm32.12.3.rel1.win32_1.0.100.202403111256/tools/bin/../lib/gcc/arm-none-eabi/12.3.1/thumb/v7e-m+fp/hard/crtbegin.o
LOAD C:/ST/STM32CubeIDE_1.14.1/STM32CubeIDE/plugins/com.st.stm32cube.ide.mcu.externaltools.gnu-tools-for-stm32.12.3.rel1.win32_1.0.100.202403111256/tools/bin/../lib/gcc/arm-none-eabi/12.3.1/../../../../arm-none-eabi/lib/thumb/v7e-m+fp/hard/crt0.o
LOAD ./Core/Src/dma.o
LOAD ./Core/Src/gpio.o
LOAD ./Core/Src/main.o
LOAD ./Core/Src/sdio.o
LOAD ./Core/Src/spi.o
LOAD ./Core/Src/stm32f4xx_hal_msp.o
LOAD ./Core/Src/stm32f4xx_it.o
LOAD ./Core/Src/syscalls.o
LOAD ./Core/Src/sysmem.o
LOAD ./Core/Src/system_stm32f4xx.o
LOAD ./Core/Src/usart.o
LOAD ./Core/Startup/startup_stm32f411ceux.o
LOAD ./Drivers/STM32F4xx_HAL_Driver/Src/stm32f4xx_hal.o
LOAD ./Drivers/STM32F4xx_HAL_Driver/Src/stm32f4xx_hal_cortex.o
LOAD ./Drivers/STM32F4xx_HAL_Driver/Src/stm32f4xx_hal_dma.o
LOAD ./Drivers/STM32F4xx_HAL_Driver/Src/stm32f4xx_hal_dma_ex.o
LOAD ./Drivers/STM32F4xx_HAL_Driver/Src/stm32f4xx_hal_exti.o
LOAD ./Drivers/STM32F4xx_HAL_Driver/Src/stm32f4xx_hal_flash.o
LOAD ./Drivers/STM32F4xx_HAL_Driver/Src/stm32f4xx_hal_flash_ex.o
LOAD ./Drivers/STM32F4xx_HAL_Driver/Src/stm32f4xx_hal_flash_ramfunc.o
LOAD ./Drivers/STM32F4xx_HAL_Driver/Src/stm32f4xx_hal_gpio.o
LOAD ./Drivers/STM32F4xx_HAL_Driver/Src/stm32f4xx_hal_pwr.o
LOAD ./Drivers/STM32F4xx_HAL_Driver/Src/stm32f4xx_hal_pwr_ex.o
LOAD ./Drivers/STM32F4xx_HAL_Driver/Src/stm32f4xx_hal_rcc.o
LOAD ./Drivers/STM32F4xx_HAL_Driver/Src/stm32f4xx_hal_rcc_ex.o
LOAD ./Drivers/STM32F4xx_HAL_Driver/Src/stm32f4xx_hal_sd.o
LOAD ./Drivers/STM32F4xx_HAL_Driver/Src/stm32f4xx_hal_spi.o
LOAD ./Drivers/STM32F4xx_HAL_Driver/Src/stm32f4xx_hal_tim.o
LOAD ./Drivers/STM32F4xx_HAL_Driver/Src/stm32f4xx_hal_tim_ex.o
LOAD ./Drivers/STM32F4xx_HAL_Driver/Src/stm32f4xx_hal_uart.o
LOAD ./Drivers/STM32F4xx_HAL_Driver/Src/stm32f4xx_ll_sdmmc.o
LOAD ./FATFS/App/fatfs.o
LOAD ./FATFS/Target/bsp_driver_sd.o
LOAD ./FATFS/Target/fatfs_platform.o
LOAD ./FATFS/Target/sd_diskio.o
LOAD ./Middlewares/Third_Party/FatFs/src/diskio.o
LOAD ./Middlewares/Third_Party/FatFs/src/ff.o
LOAD ./Middlewares/Third_Party/FatFs/src/ff_gen_drv.o
LOAD ./Middlewares/Third_Party/FatFs/src/option/ccsbcs.o
LOAD ./Middlewares/Third_Party/FatFs/src/option/syscall.o
START GROUP
LOAD C:/ST/STM32CubeIDE_1.14.1/STM32CubeIDE/plugins/com.st.stm32cube.ide.mcu.externaltools.gnu-tools-for-stm32.12.3.rel1.win32_1.0.100.202403111256/tools/bin/../lib/gcc/arm-none-eabi/12.3.1/../../../../arm-none-eabi/lib/thumb/v7e-m+fp/hard\libc_nano.a
LOAD C:/ST/STM32CubeIDE_1.14.1/STM32CubeIDE/plugins/com.st.stm32cube.ide.mcu.externaltools.gnu-tools-for-stm32.12.3.rel1.win32_1.0.100.202403111256/tools/bin/../lib/gcc/arm-none-eabi/12.3.1/../../../../arm-none-eabi/lib/thumb/v7e-m+fp/hard\libm.a
END GROUP
START GROUP
LOAD C:/ST/STM32CubeIDE_1.14.1/STM32CubeIDE/plugins/com.st.stm32cube.ide.mcu.externaltools.gnu-tools-for-stm32.12.3.rel1.win32_1.0.100.202403111256/tools/bin/../lib/gcc/arm-none-eabi/12.3.1/thumb/v7e-m+fp/hard\libgcc.a
LOAD C:/ST/STM32CubeIDE_1.14.1/STM32CubeIDE/plugins/com.st.stm32cube.ide.mcu.externaltools.gnu-tools-for-stm32.12.3.rel1.win32_1.0.100.202403111256/tools/bin/../lib/gcc/arm-none-eabi/12.3.1/../../../../arm-none-eabi/lib/thumb/v7e-m+fp/hard\libc_nano.a
END GROUP
START GROUP
LOAD C:/ST/STM32CubeIDE_1.14.1/STM32CubeIDE/plugins/com.st.stm32cube.ide.mcu.externaltools.gnu-tools-for-stm32.12.3.rel1.win32_1.0.100.202403111256/tools/bin/../lib/gcc/arm-none-eabi/12.3.1/thumb/v7e-m+fp/hard\libgcc.a
LOAD C:/ST/STM32CubeIDE_1.14.1/STM32CubeIDE/plugins/com.st.stm32cube.ide.mcu.externaltools.gnu-tools-for-stm32.12.3.rel1.win32_1.0.100.202403111256/tools/bin/../lib/gcc/arm-none-eabi/12.3.1/../../../../arm-none-eabi/lib/thumb/v7e-m+fp/hard\libc_nano.a
LOAD C:/ST/STM32CubeIDE_1.14.1/STM32CubeIDE/plugins/com.st.stm32cube.ide.mcu.externaltools.gnu-tools-for-stm32.12.3.rel1.win32_1.0.100.202403111256/tools/bin/../lib/gcc/arm-none-eabi/12.3.1/../../../../arm-none-eabi/lib/thumb/v7e-m+fp/hard\libnosys.a
END GROUP
START GROUP
LOAD C:/ST/STM32CubeIDE_1.14.1/STM32CubeIDE/plugins/com.st.stm32cube.ide.mcu.externaltools.gnu-tools-for-stm32.12.3.rel1.win32_1.0.100.202403111256/tools/bin/../lib/gcc/arm-none-eabi/12.3.1/thumb/v7e-m+fp/hard\libgcc.a
LOAD C:/ST/STM32CubeIDE_1.14.1/STM32CubeIDE/plugins/com.st.stm32cube.ide.mcu.externaltools.gnu-tools-for-stm32.12.3.rel1.win32_1.0.100.202403111256/tools/bin/../lib/gcc/arm-none-eabi/12.3.1/../../../../arm-none-eabi/lib/thumb/v7e-m+fp/hard\libc_nano.a
LOAD C:/ST/STM32CubeIDE_1.14.1/STM32CubeIDE/plugins/com.st.stm32cube.ide.mcu.externaltools.gnu-tools-for-stm32.12.3.rel1.win32_1.0.100.202403111256/tools/bin/../lib/gcc/arm-none-eabi/12.3.1/../../../../arm-none-eabi/lib/thumb/v7e-m+fp/hard\libnosys.a
END GROUP
LOAD C:/ST/STM32CubeIDE_1.14.1/STM32CubeIDE/plugins/com.st.stm32cube.ide.mcu.externaltools.gnu-tools-for-stm32.12.3.rel1.win32_1.0.100.202403111256/tools/bin/../lib/gcc/arm-none-eabi/12.3.1/thumb/v7e-m+fp/hard/crtend.o
LOAD C:/ST/STM32CubeIDE_1.14.1/STM32CubeIDE/plugins/com.st.stm32cube.ide.mcu.externaltools.gnu-tools-for-stm32.12.3.rel1.win32_1.0.100.202403111256/tools/bin/../lib/gcc/arm-none-eabi/12.3.1/thumb/v7e-m+fp/hard/crtn.o
                0x20020000                        _estack = (ORIGIN (RAM) + LENGTH (RAM))
                0x00000200                        _Min_Heap_Size = 0x200
                0x00000400                        _Min_Stack_Size = 0x400

.isr_vector     0x08000000      0x198
                0x08000000                        . = ALIGN (0x4)
 *(.isr_vector)
 .isr_vector    0x08000000      0x198 ./Core/Startup/startup_stm32f411ceux.o
                0x08000000                g_pfnVectors
                0x08000198                        . = ALIGN (0x4)

.text           0x080001a0     0x9a54
                0x080001a0                        . = ALIGN (0x4)
 *(.text)
 .text          0x080001a0       0x40 C:/ST/STM32CubeIDE_1.14.1/STM32CubeIDE/plugins/com.st.stm32cube.ide.mcu.externaltools.gnu-tools-for-stm32.12.3.rel1.win32_1.0.100.202403111256/tools/bin/../lib/gcc/arm-none-eabi/12.3.1/thumb/v7e-m+fp/hard/crtbegin.o
 .text          0x080001e0       0x10 C:/ST/STM32CubeIDE_1.14.1/STM32CubeIDE/plugins/com.st.stm32cube.ide.mcu.externaltools.gnu-tools-for-stm32.12.3.rel1.win32_1.0.100.202403111256/tools/bin/../lib/gcc/arm-none-eabi/12.3.1/../../../../arm-none-eabi/lib/thumb/v7e-m+fp/hard\libc_nano.a(libc_a-strlen.o)
                0x080001e0                strlen
 .text          0x080001f0       0xa0 C:/ST/STM32CubeIDE_1.14.1/STM32CubeIDE/plugins/com.st.stm32cube.ide.mcu.externaltools.gnu-tools-for-stm32.12.3.rel1.win32_1.0.100.202403111256/tools/bin/../lib/gcc/arm-none-eabi/12.3.1/../../../../arm-none-eabi/lib/thumb/v7e-m+fp/hard\libc_nano.a(libc_a-memchr.o)
                0x080001f0                memchr
 .text          0x08000290       0x30 C:/ST/STM32CubeIDE_1.14.1/STM32CubeIDE/plugins/com.st.stm32cube.ide.mcu.externaltools.gnu-tools-for-stm32.12.3.rel1.win32_1.0.100.202403111256/tools/bin/../lib/gcc/arm-none-eabi/12.3.1/thumb/v7e-m+fp/hard\libgcc.a(_aeabi_uldivmod.o)
                0x08000290                __aeabi_uldivmod
 .text          0x080002c0      0x2bc C:/ST/STM32CubeIDE_1.14.1/STM32CubeIDE/plugins/com.st.stm32cube.ide.mcu.externaltools.gnu-tools-for-stm32.12.3.rel1.win32_1.0.100.202403111256/tools/bin/../lib/gcc/arm-none-eabi/12.3.1/thumb/v7e-m+fp/hard\libgcc.a(_udivmoddi4.o)
                0x080002c0                __udivmoddi4
 .text          0x0800057c        0x4 C:/ST/STM32CubeIDE_1.14.1/STM32CubeIDE/plugins/com.st.stm32cube.ide.mcu.externaltools.gnu-tools-for-stm32.12.3.rel1.win32_1.0.100.202403111256/tools/bin/../lib/gcc/arm-none-eabi/12.3.1/thumb/v7e-m+fp/hard\libgcc.a(_dvmd_tls.o)
                0x0800057c                __aeabi_idiv0
                0x0800057c                __aeabi_ldiv0
 *(.text*)
 .text.MX_DMA_Init
                0x08000580       0x60 ./Core/Src/dma.o
                0x08000580                MX_DMA_Init
 .text.MX_GPIO_Init
                0x080005e0      0x11c ./Core/Src/gpio.o
                0x080005e0                MX_GPIO_Init
 .text.HAL_GPIO_EXTI_Callback
                0x080006fc       0xb4 ./Core/Src/main.o
                0x080006fc                HAL_GPIO_EXTI_Callback
 .text.HAL_UART_RxCpltCallback
                0x080007b0       0x30 ./Core/Src/main.o
                0x080007b0                HAL_UART_RxCpltCallback
 .text.uart_send
                0x080007e0       0x58 ./Core/Src/main.o
                0x080007e0                uart_send
 .text.SD_WRITE
                0x08000838       0xfc ./Core/Src/main.o
                0x08000838                SD_WRITE
 .text.SD_READ  0x08000934       0xa8 ./Core/Src/main.o
                0x08000934                SD_READ
 .text.sd_init_user
                0x080009dc       0x50 ./Core/Src/main.o
                0x080009dc                sd_init_user
 .text.ST7735_LCD_Init
                0x08000a2c       0x7c ./Core/Src/main.o
                0x08000a2c                ST7735_LCD_Init
 .text.ST7735_LCD_ADD_SET
                0x08000aa8       0x6a ./Core/Src/main.o
                0x08000aa8                ST7735_LCD_ADD_SET
 *fill*         0x08000b12        0x2 
 .text.ST7735_Send_Packet
                0x08000b14       0x60 ./Core/Src/main.o
                0x08000b14                ST7735_Send_Packet
 .text.ST7735_CMD
                0x08000b74       0x74 ./Core/Src/main.o
                0x08000b74                ST7735_CMD
 .text.ST7735_LCD_FillFullScreen
                0x08000be8       0x22 ./Core/Src/main.o
                0x08000be8                ST7735_LCD_FillFullScreen
 *fill*         0x08000c0a        0x2 
 .text.ST7735_LCD_FILLBlock
                0x08000c0c       0xb4 ./Core/Src/main.o
                0x08000c0c                ST7735_LCD_FILLBlock
 .text.SEL_COLOR
                0x08000cc0       0x48 ./Core/Src/main.o
                0x08000cc0                SEL_COLOR
 .text.ST7735_LCD_FILLBlock_Char
                0x08000d08       0xd4 ./Core/Src/main.o
                0x08000d08                ST7735_LCD_FILLBlock_Char
 .text.ST7735_LCD_Write_String
                0x08000ddc      0x220 ./Core/Src/main.o
                0x08000ddc                ST7735_LCD_Write_String
 .text.main     0x08000ffc      0x1d8 ./Core/Src/main.o
                0x08000ffc                main
 .text.SystemClock_Config
                0x080011d4       0xd0 ./Core/Src/main.o
                0x080011d4                SystemClock_Config
 .text.Error_Handler
                0x080012a4        0xc ./Core/Src/main.o
                0x080012a4                Error_Handler
 .text.MX_SDIO_SD_Init
                0x080012b0       0x40 ./Core/Src/sdio.o
                0x080012b0                MX_SDIO_SD_Init
 .text.HAL_SD_MspInit
                0x080012f0      0x1e0 ./Core/Src/sdio.o
                0x080012f0                HAL_SD_MspInit
 .text.MX_SPI1_Init
                0x080014d0       0x6c ./Core/Src/spi.o
                0x080014d0                MX_SPI1_Init
 .text.HAL_SPI_MspInit
                0x0800153c       0xd0 ./Core/Src/spi.o
                0x0800153c                HAL_SPI_MspInit
 .text.HAL_MspInit
                0x0800160c       0x50 ./Core/Src/stm32f4xx_hal_msp.o
                0x0800160c                HAL_MspInit
 .text.NMI_Handler
                0x0800165c        0x8 ./Core/Src/stm32f4xx_it.o
                0x0800165c                NMI_Handler
 .text.HardFault_Handler
                0x08001664        0x8 ./Core/Src/stm32f4xx_it.o
                0x08001664                HardFault_Handler
 .text.MemManage_Handler
                0x0800166c        0x8 ./Core/Src/stm32f4xx_it.o
                0x0800166c                MemManage_Handler
 .text.BusFault_Handler
                0x08001674        0x8 ./Core/Src/stm32f4xx_it.o
                0x08001674                BusFault_Handler
 .text.UsageFault_Handler
                0x0800167c        0x8 ./Core/Src/stm32f4xx_it.o
                0x0800167c                UsageFault_Handler
 .text.SVC_Handler
                0x08001684        0xe ./Core/Src/stm32f4xx_it.o
                0x08001684                SVC_Handler
 .text.DebugMon_Handler
                0x08001692        0xe ./Core/Src/stm32f4xx_it.o
                0x08001692                DebugMon_Handler
 .text.PendSV_Handler
                0x080016a0        0xe ./Core/Src/stm32f4xx_it.o
                0x080016a0                PendSV_Handler
 .text.SysTick_Handler
                0x080016ae        0xc ./Core/Src/stm32f4xx_it.o
                0x080016ae                SysTick_Handler
 .text.EXTI0_IRQHandler
                0x080016ba        0xe ./Core/Src/stm32f4xx_it.o
                0x080016ba                EXTI0_IRQHandler
 .text.EXTI15_10_IRQHandler
                0x080016c8       0x10 ./Core/Src/stm32f4xx_it.o
                0x080016c8                EXTI15_10_IRQHandler
 .text.SDIO_IRQHandler
                0x080016d8       0x14 ./Core/Src/stm32f4xx_it.o
                0x080016d8                SDIO_IRQHandler
 .text.DMA2_Stream2_IRQHandler
                0x080016ec       0x14 ./Core/Src/stm32f4xx_it.o
                0x080016ec                DMA2_Stream2_IRQHandler
 .text.DMA2_Stream3_IRQHandler
                0x08001700       0x14 ./Core/Src/stm32f4xx_it.o
                0x08001700                DMA2_Stream3_IRQHandler
 .text.DMA2_Stream6_IRQHandler
                0x08001714       0x14 ./Core/Src/stm32f4xx_it.o
                0x08001714                DMA2_Stream6_IRQHandler
 .text._sbrk    0x08001728       0x6c ./Core/Src/sysmem.o
                0x08001728                _sbrk
 .text.SystemInit
                0x08001794       0x24 ./Core/Src/system_stm32f4xx.o
                0x08001794                SystemInit
 .text.MX_USART1_UART_Init
                0x080017b8       0x54 ./Core/Src/usart.o
                0x080017b8                MX_USART1_UART_Init
 .text.HAL_UART_MspInit
                0x0800180c       0xf8 ./Core/Src/usart.o
                0x0800180c                HAL_UART_MspInit
 .text.Reset_Handler
                0x08001904       0x54 ./Core/Startup/startup_stm32f411ceux.o
                0x08001904                Reset_Handler
 .text.Default_Handler
                0x08001958        0x2 ./Core/Startup/startup_stm32f411ceux.o
                0x08001958                RTC_Alarm_IRQHandler
                0x08001958                EXTI2_IRQHandler
                0x08001958                SPI4_IRQHandler
                0x08001958                TIM1_CC_IRQHandler
                0x08001958                DMA2_Stream5_IRQHandler
                0x08001958                DMA1_Stream5_IRQHandler
                0x08001958                PVD_IRQHandler
                0x08001958                TAMP_STAMP_IRQHandler
                0x08001958                EXTI3_IRQHandler
                0x08001958                TIM1_UP_TIM10_IRQHandler
                0x08001958                I2C3_ER_IRQHandler
                0x08001958                I2C2_EV_IRQHandler
                0x08001958                DMA1_Stream2_IRQHandler
                0x08001958                FPU_IRQHandler
                0x08001958                SPI1_IRQHandler
                0x08001958                TIM1_BRK_TIM9_IRQHandler
                0x08001958                USART6_IRQHandler
                0x08001958                DMA2_Stream0_IRQHandler
                0x08001958                TIM4_IRQHandler
                0x08001958                I2C1_EV_IRQHandler
                0x08001958                DMA1_Stream6_IRQHandler
                0x08001958                DMA1_Stream1_IRQHandler
                0x08001958                TIM3_IRQHandler
                0x08001958                RCC_IRQHandler
                0x08001958                Default_Handler
                0x08001958                ADC_IRQHandler
                0x08001958                DMA1_Stream7_IRQHandler
                0x08001958                SPI5_IRQHandler
                0x08001958                TIM5_IRQHandler
                0x08001958                DMA2_Stream7_IRQHandler
                0x08001958                I2C3_EV_IRQHandler
                0x08001958                EXTI9_5_IRQHandler
                0x08001958                RTC_WKUP_IRQHandler
                0x08001958                SPI2_IRQHandler
                0x08001958                DMA1_Stream0_IRQHandler
                0x08001958                EXTI4_IRQHandler
                0x08001958                WWDG_IRQHandler
                0x08001958                TIM2_IRQHandler
                0x08001958                OTG_FS_WKUP_IRQHandler
                0x08001958                TIM1_TRG_COM_TIM11_IRQHandler
                0x08001958                EXTI1_IRQHandler
                0x08001958                USART2_IRQHandler
                0x08001958                I2C2_ER_IRQHandler
                0x08001958                DMA2_Stream1_IRQHandler
                0x08001958                FLASH_IRQHandler
                0x08001958                DMA2_Stream4_IRQHandler
                0x08001958                USART1_IRQHandler
                0x08001958                OTG_FS_IRQHandler
                0x08001958                SPI3_IRQHandler
                0x08001958                DMA1_Stream4_IRQHandler
                0x08001958                I2C1_ER_IRQHandler
                0x08001958                DMA1_Stream3_IRQHandler
 *fill*         0x0800195a        0x2 
 .text.HAL_Init
                0x0800195c       0x44 ./Drivers/STM32F4xx_HAL_Driver/Src/stm32f4xx_hal.o
                0x0800195c                HAL_Init
 .text.HAL_InitTick
                0x080019a0       0x60 ./Drivers/STM32F4xx_HAL_Driver/Src/stm32f4xx_hal.o
                0x080019a0                HAL_InitTick
 .text.HAL_IncTick
                0x08001a00       0x28 ./Drivers/STM32F4xx_HAL_Driver/Src/stm32f4xx_hal.o
                0x08001a00                HAL_IncTick
 .text.HAL_GetTick
                0x08001a28       0x18 ./Drivers/STM32F4xx_HAL_Driver/Src/stm32f4xx_hal.o
                0x08001a28                HAL_GetTick
 .text.HAL_Delay
                0x08001a40       0x48 ./Drivers/STM32F4xx_HAL_Driver/Src/stm32f4xx_hal.o
                0x08001a40                HAL_Delay
 .text.__NVIC_SetPriorityGrouping
                0x08001a88       0x48 ./Drivers/STM32F4xx_HAL_Driver/Src/stm32f4xx_hal_cortex.o
 .text.__NVIC_GetPriorityGrouping
                0x08001ad0       0x1c ./Drivers/STM32F4xx_HAL_Driver/Src/stm32f4xx_hal_cortex.o
 .text.__NVIC_EnableIRQ
                0x08001aec       0x3c ./Drivers/STM32F4xx_HAL_Driver/Src/stm32f4xx_hal_cortex.o
 .text.__NVIC_SetPriority
                0x08001b28       0x54 ./Drivers/STM32F4xx_HAL_Driver/Src/stm32f4xx_hal_cortex.o
 .text.NVIC_EncodePriority
                0x08001b7c       0x66 ./Drivers/STM32F4xx_HAL_Driver/Src/stm32f4xx_hal_cortex.o
 *fill*         0x08001be2        0x2 
 .text.SysTick_Config
                0x08001be4       0x44 ./Drivers/STM32F4xx_HAL_Driver/Src/stm32f4xx_hal_cortex.o
 .text.HAL_NVIC_SetPriorityGrouping
                0x08001c28       0x16 ./Drivers/STM32F4xx_HAL_Driver/Src/stm32f4xx_hal_cortex.o
                0x08001c28                HAL_NVIC_SetPriorityGrouping
 .text.HAL_NVIC_SetPriority
                0x08001c3e       0x38 ./Drivers/STM32F4xx_HAL_Driver/Src/stm32f4xx_hal_cortex.o
                0x08001c3e                HAL_NVIC_SetPriority
 .text.HAL_NVIC_EnableIRQ
                0x08001c76       0x1c ./Drivers/STM32F4xx_HAL_Driver/Src/stm32f4xx_hal_cortex.o
                0x08001c76                HAL_NVIC_EnableIRQ
 .text.HAL_SYSTICK_Config
                0x08001c92       0x18 ./Drivers/STM32F4xx_HAL_Driver/Src/stm32f4xx_hal_cortex.o
                0x08001c92                HAL_SYSTICK_Config
 *fill*         0x08001caa        0x2 
 .text.HAL_DMA_Init
                0x08001cac      0x15c ./Drivers/STM32F4xx_HAL_Driver/Src/stm32f4xx_hal_dma.o
                0x08001cac                HAL_DMA_Init
 .text.HAL_DMA_Start_IT
                0x08001e08       0xb0 ./Drivers/STM32F4xx_HAL_Driver/Src/stm32f4xx_hal_dma.o
                0x08001e08                HAL_DMA_Start_IT
 .text.HAL_DMA_Abort_IT
                0x08001eb8       0x44 ./Drivers/STM32F4xx_HAL_Driver/Src/stm32f4xx_hal_dma.o
                0x08001eb8                HAL_DMA_Abort_IT
 .text.HAL_DMA_IRQHandler
                0x08001efc      0x314 ./Drivers/STM32F4xx_HAL_Driver/Src/stm32f4xx_hal_dma.o
                0x08001efc                HAL_DMA_IRQHandler
 .text.HAL_DMA_GetError
                0x08002210       0x18 ./Drivers/STM32F4xx_HAL_Driver/Src/stm32f4xx_hal_dma.o
                0x08002210                HAL_DMA_GetError
 .text.DMA_SetConfig
                0x08002228       0x5c ./Drivers/STM32F4xx_HAL_Driver/Src/stm32f4xx_hal_dma.o
 .text.DMA_CalcBaseAndBitshift
                0x08002284       0x6c ./Drivers/STM32F4xx_HAL_Driver/Src/stm32f4xx_hal_dma.o
 .text.DMA_CheckFifoParam
                0x080022f0       0xf8 ./Drivers/STM32F4xx_HAL_Driver/Src/stm32f4xx_hal_dma.o
 .text.HAL_GPIO_Init
                0x080023e8      0x308 ./Drivers/STM32F4xx_HAL_Driver/Src/stm32f4xx_hal_gpio.o
                0x080023e8                HAL_GPIO_Init
 .text.HAL_GPIO_ReadPin
                0x080026f0       0x30 ./Drivers/STM32F4xx_HAL_Driver/Src/stm32f4xx_hal_gpio.o
                0x080026f0                HAL_GPIO_ReadPin
 .text.HAL_GPIO_WritePin
                0x08002720       0x32 ./Drivers/STM32F4xx_HAL_Driver/Src/stm32f4xx_hal_gpio.o
                0x08002720                HAL_GPIO_WritePin
 *fill*         0x08002752        0x2 
 .text.HAL_GPIO_EXTI_IRQHandler
                0x08002754       0x30 ./Drivers/STM32F4xx_HAL_Driver/Src/stm32f4xx_hal_gpio.o
                0x08002754                HAL_GPIO_EXTI_IRQHandler
 .text.HAL_RCC_OscConfig
                0x08002784      0x4f0 ./Drivers/STM32F4xx_HAL_Driver/Src/stm32f4xx_hal_rcc.o
                0x08002784                HAL_RCC_OscConfig
 .text.HAL_RCC_ClockConfig
                0x08002c74      0x1cc ./Drivers/STM32F4xx_HAL_Driver/Src/stm32f4xx_hal_rcc.o
                0x08002c74                HAL_RCC_ClockConfig
 .text.HAL_RCC_GetSysClockFreq
                0x08002e40      0x18c ./Drivers/STM32F4xx_HAL_Driver/Src/stm32f4xx_hal_rcc.o
                0x08002e40                HAL_RCC_GetSysClockFreq
 .text.HAL_RCC_GetHCLKFreq
                0x08002fcc       0x18 ./Drivers/STM32F4xx_HAL_Driver/Src/stm32f4xx_hal_rcc.o
                0x08002fcc                HAL_RCC_GetHCLKFreq
 .text.HAL_RCC_GetPCLK1Freq
                0x08002fe4       0x28 ./Drivers/STM32F4xx_HAL_Driver/Src/stm32f4xx_hal_rcc.o
                0x08002fe4                HAL_RCC_GetPCLK1Freq
 .text.HAL_RCC_GetPCLK2Freq
                0x0800300c       0x28 ./Drivers/STM32F4xx_HAL_Driver/Src/stm32f4xx_hal_rcc.o
                0x0800300c                HAL_RCC_GetPCLK2Freq
 .text.HAL_SD_Init
                0x08003034       0x60 ./Drivers/STM32F4xx_HAL_Driver/Src/stm32f4xx_hal_sd.o
                0x08003034                HAL_SD_Init
 .text.HAL_SD_InitCard
                0x08003094      0x100 ./Drivers/STM32F4xx_HAL_Driver/Src/stm32f4xx_hal_sd.o
                0x08003094                HAL_SD_InitCard
 .text.HAL_SD_ReadBlocks_DMA
                0x08003194      0x1c4 ./Drivers/STM32F4xx_HAL_Driver/Src/stm32f4xx_hal_sd.o
                0x08003194                HAL_SD_ReadBlocks_DMA
 .text.HAL_SD_WriteBlocks_DMA
                0x08003358      0x1cc ./Drivers/STM32F4xx_HAL_Driver/Src/stm32f4xx_hal_sd.o
                0x08003358                HAL_SD_WriteBlocks_DMA
 .text.HAL_SD_IRQHandler
                0x08003524      0x30c ./Drivers/STM32F4xx_HAL_Driver/Src/stm32f4xx_hal_sd.o
                0x08003524                HAL_SD_IRQHandler
 .text.HAL_SD_ErrorCallback
                0x08003830       0x14 ./Drivers/STM32F4xx_HAL_Driver/Src/stm32f4xx_hal_sd.o
                0x08003830                HAL_SD_ErrorCallback
 .text.HAL_SD_GetCardCSD
                0x08003844      0x348 ./Drivers/STM32F4xx_HAL_Driver/Src/stm32f4xx_hal_sd.o
                0x08003844                HAL_SD_GetCardCSD
 .text.HAL_SD_GetCardInfo
                0x08003b8c       0x58 ./Drivers/STM32F4xx_HAL_Driver/Src/stm32f4xx_hal_sd.o
                0x08003b8c                HAL_SD_GetCardInfo
 .text.HAL_SD_GetCardState
                0x08003be4       0x40 ./Drivers/STM32F4xx_HAL_Driver/Src/stm32f4xx_hal_sd.o
                0x08003be4                HAL_SD_GetCardState
 .text.SD_DMATransmitCplt
                0x08003c24       0x2a ./Drivers/STM32F4xx_HAL_Driver/Src/stm32f4xx_hal_sd.o
 .text.SD_DMAReceiveCplt
                0x08003c4e       0x70 ./Drivers/STM32F4xx_HAL_Driver/Src/stm32f4xx_hal_sd.o
 *fill*         0x08003cbe        0x2 
 .text.SD_DMAError
                0x08003cc0       0xa4 ./Drivers/STM32F4xx_HAL_Driver/Src/stm32f4xx_hal_sd.o
 .text.SD_DMATxAbort
                0x08003d64       0x6e ./Drivers/STM32F4xx_HAL_Driver/Src/stm32f4xx_hal_sd.o
 .text.SD_DMARxAbort
                0x08003dd2       0x6e ./Drivers/STM32F4xx_HAL_Driver/Src/stm32f4xx_hal_sd.o
 .text.SD_InitCard
                0x08003e40      0x19c ./Drivers/STM32F4xx_HAL_Driver/Src/stm32f4xx_hal_sd.o
 .text.SD_PowerON
                0x08003fdc      0x11c ./Drivers/STM32F4xx_HAL_Driver/Src/stm32f4xx_hal_sd.o
 .text.SD_SendStatus
                0x080040f8       0x50 ./Drivers/STM32F4xx_HAL_Driver/Src/stm32f4xx_hal_sd.o
 .text.SD_Read_IT
                0x08004148       0xa2 ./Drivers/STM32F4xx_HAL_Driver/Src/stm32f4xx_hal_sd.o
 .text.SD_Write_IT
                0x080041ea       0xaa ./Drivers/STM32F4xx_HAL_Driver/Src/stm32f4xx_hal_sd.o
 .text.HAL_SPI_Init
                0x08004294      0x112 ./Drivers/STM32F4xx_HAL_Driver/Src/stm32f4xx_hal_spi.o
                0x08004294                HAL_SPI_Init
 .text.HAL_SPI_Transmit
                0x080043a6      0x286 ./Drivers/STM32F4xx_HAL_Driver/Src/stm32f4xx_hal_spi.o
                0x080043a6                HAL_SPI_Transmit
 .text.HAL_SPI_GetState
                0x0800462c       0x1c ./Drivers/STM32F4xx_HAL_Driver/Src/stm32f4xx_hal_spi.o
                0x0800462c                HAL_SPI_GetState
 .text.SPI_WaitFlagStateUntilTimeout
                0x08004648      0x110 ./Drivers/STM32F4xx_HAL_Driver/Src/stm32f4xx_hal_spi.o
 .text.SPI_EndRxTxTransaction
                0x08004758       0xa8 ./Drivers/STM32F4xx_HAL_Driver/Src/stm32f4xx_hal_spi.o
 .text.HAL_UART_Init
                0x08004800       0xa0 ./Drivers/STM32F4xx_HAL_Driver/Src/stm32f4xx_hal_uart.o
                0x08004800                HAL_UART_Init
 .text.HAL_UART_Transmit
                0x080048a0      0x116 ./Drivers/STM32F4xx_HAL_Driver/Src/stm32f4xx_hal_uart.o
                0x080048a0                HAL_UART_Transmit
 .text.HAL_UART_Receive_DMA
                0x080049b6       0x4a ./Drivers/STM32F4xx_HAL_Driver/Src/stm32f4xx_hal_uart.o
                0x080049b6                HAL_UART_Receive_DMA
 .text.HAL_UART_RxHalfCpltCallback
                0x08004a00       0x14 ./Drivers/STM32F4xx_HAL_Driver/Src/stm32f4xx_hal_uart.o
                0x08004a00                HAL_UART_RxHalfCpltCallback
 .text.HAL_UART_ErrorCallback
                0x08004a14       0x14 ./Drivers/STM32F4xx_HAL_Driver/Src/stm32f4xx_hal_uart.o
                0x08004a14                HAL_UART_ErrorCallback
 .text.HAL_UARTEx_RxEventCallback
                0x08004a28       0x18 ./Drivers/STM32F4xx_HAL_Driver/Src/stm32f4xx_hal_uart.o
                0x08004a28                HAL_UARTEx_RxEventCallback
 .text.UART_DMAReceiveCplt
                0x08004a40      0x12c ./Drivers/STM32F4xx_HAL_Driver/Src/stm32f4xx_hal_uart.o
 .text.UART_DMARxHalfCplt
                0x08004b6c       0x3c ./Drivers/STM32F4xx_HAL_Driver/Src/stm32f4xx_hal_uart.o
 .text.UART_DMAError
                0x08004ba8       0x94 ./Drivers/STM32F4xx_HAL_Driver/Src/stm32f4xx_hal_uart.o
 .text.UART_WaitOnFlagUntilTimeout
                0x08004c3c       0xb2 ./Drivers/STM32F4xx_HAL_Driver/Src/stm32f4xx_hal_uart.o
 *fill*         0x08004cee        0x2 
 .text.UART_Start_Receive_DMA
                0x08004cf0      0x134 ./Drivers/STM32F4xx_HAL_Driver/Src/stm32f4xx_hal_uart.o
                0x08004cf0                UART_Start_Receive_DMA
 .text.UART_EndTxTransfer
                0x08004e24       0x50 ./Drivers/STM32F4xx_HAL_Driver/Src/stm32f4xx_hal_uart.o
 .text.UART_EndRxTransfer
                0x08004e74       0xc6 ./Drivers/STM32F4xx_HAL_Driver/Src/stm32f4xx_hal_uart.o
 *fill*         0x08004f3a        0x2 
 .text.UART_SetConfig
                0x08004f3c      0x4e8 ./Drivers/STM32F4xx_HAL_Driver/Src/stm32f4xx_hal_uart.o
 .text.SDIO_Init
                0x08005424       0x56 ./Drivers/STM32F4xx_HAL_Driver/Src/stm32f4xx_ll_sdmmc.o
                0x08005424                SDIO_Init
 .text.SDIO_ReadFIFO
                0x0800547a       0x1a ./Drivers/STM32F4xx_HAL_Driver/Src/stm32f4xx_ll_sdmmc.o
                0x0800547a                SDIO_ReadFIFO
 .text.SDIO_WriteFIFO
                0x08005494       0x22 ./Drivers/STM32F4xx_HAL_Driver/Src/stm32f4xx_ll_sdmmc.o
                0x08005494                SDIO_WriteFIFO
 .text.SDIO_PowerState_ON
                0x080054b6       0x1c ./Drivers/STM32F4xx_HAL_Driver/Src/stm32f4xx_ll_sdmmc.o
                0x080054b6                SDIO_PowerState_ON
 .text.SDIO_GetPowerState
                0x080054d2       0x1c ./Drivers/STM32F4xx_HAL_Driver/Src/stm32f4xx_ll_sdmmc.o
                0x080054d2                SDIO_GetPowerState
 .text.SDIO_SendCommand
                0x080054ee       0x54 ./Drivers/STM32F4xx_HAL_Driver/Src/stm32f4xx_ll_sdmmc.o
                0x080054ee                SDIO_SendCommand
 .text.SDIO_GetCommandResponse
                0x08005542       0x1a ./Drivers/STM32F4xx_HAL_Driver/Src/stm32f4xx_ll_sdmmc.o
                0x08005542                SDIO_GetCommandResponse
 .text.SDIO_GetResponse
                0x0800555c       0x26 ./Drivers/STM32F4xx_HAL_Driver/Src/stm32f4xx_ll_sdmmc.o
                0x0800555c                SDIO_GetResponse
 .text.SDIO_ConfigData
                0x08005582       0x58 ./Drivers/STM32F4xx_HAL_Driver/Src/stm32f4xx_ll_sdmmc.o
                0x08005582                SDIO_ConfigData
 .text.SDMMC_CmdBlockLength
                0x080055da       0x44 ./Drivers/STM32F4xx_HAL_Driver/Src/stm32f4xx_ll_sdmmc.o
                0x080055da                SDMMC_CmdBlockLength
 .text.SDMMC_CmdReadSingleBlock
                0x0800561e       0x44 ./Drivers/STM32F4xx_HAL_Driver/Src/stm32f4xx_ll_sdmmc.o
                0x0800561e                SDMMC_CmdReadSingleBlock
 .text.SDMMC_CmdReadMultiBlock
                0x08005662       0x44 ./Drivers/STM32F4xx_HAL_Driver/Src/stm32f4xx_ll_sdmmc.o
                0x08005662                SDMMC_CmdReadMultiBlock
 .text.SDMMC_CmdWriteSingleBlock
                0x080056a6       0x44 ./Drivers/STM32F4xx_HAL_Driver/Src/stm32f4xx_ll_sdmmc.o
                0x080056a6                SDMMC_CmdWriteSingleBlock
 .text.SDMMC_CmdWriteMultiBlock
                0x080056ea       0x44 ./Drivers/STM32F4xx_HAL_Driver/Src/stm32f4xx_ll_sdmmc.o
                0x080056ea                SDMMC_CmdWriteMultiBlock
 *fill*         0x0800572e        0x2 
 .text.SDMMC_CmdStopTransfer
                0x08005730       0x44 ./Drivers/STM32F4xx_HAL_Driver/Src/stm32f4xx_ll_sdmmc.o
                0x08005730                SDMMC_CmdStopTransfer
 .text.SDMMC_CmdSelDesel
                0x08005774       0x46 ./Drivers/STM32F4xx_HAL_Driver/Src/stm32f4xx_ll_sdmmc.o
                0x08005774                SDMMC_CmdSelDesel
 .text.SDMMC_CmdGoIdleState
                0x080057ba       0x3c ./Drivers/STM32F4xx_HAL_Driver/Src/stm32f4xx_ll_sdmmc.o
                0x080057ba                SDMMC_CmdGoIdleState
 .text.SDMMC_CmdOperCond
                0x080057f6       0x3e ./Drivers/STM32F4xx_HAL_Driver/Src/stm32f4xx_ll_sdmmc.o
                0x080057f6                SDMMC_CmdOperCond
 .text.SDMMC_CmdAppCommand
                0x08005834       0x44 ./Drivers/STM32F4xx_HAL_Driver/Src/stm32f4xx_ll_sdmmc.o
                0x08005834                SDMMC_CmdAppCommand
 .text.SDMMC_CmdAppOperCommand
                0x08005878       0x46 ./Drivers/STM32F4xx_HAL_Driver/Src/stm32f4xx_ll_sdmmc.o
                0x08005878                SDMMC_CmdAppOperCommand
 .text.SDMMC_CmdSendCID
                0x080058be       0x3c ./Drivers/STM32F4xx_HAL_Driver/Src/stm32f4xx_ll_sdmmc.o
                0x080058be                SDMMC_CmdSendCID
 .text.SDMMC_CmdSendCSD
                0x080058fa       0x3e ./Drivers/STM32F4xx_HAL_Driver/Src/stm32f4xx_ll_sdmmc.o
                0x080058fa                SDMMC_CmdSendCSD
 .text.SDMMC_CmdSetRelAdd
                0x08005938       0x42 ./Drivers/STM32F4xx_HAL_Driver/Src/stm32f4xx_ll_sdmmc.o
                0x08005938                SDMMC_CmdSetRelAdd
 .text.SDMMC_CmdSendStatus
                0x0800597a       0x44 ./Drivers/STM32F4xx_HAL_Driver/Src/stm32f4xx_ll_sdmmc.o
                0x0800597a                SDMMC_CmdSendStatus
 *fill*         0x080059be        0x2 
 .text.SDMMC_GetCmdResp1
                0x080059c0      0x1dc ./Drivers/STM32F4xx_HAL_Driver/Src/stm32f4xx_ll_sdmmc.o
                0x080059c0                SDMMC_GetCmdResp1
 .text.SDMMC_GetCmdResp2
                0x08005b9c       0x90 ./Drivers/STM32F4xx_HAL_Driver/Src/stm32f4xx_ll_sdmmc.o
                0x08005b9c                SDMMC_GetCmdResp2
 .text.SDMMC_GetCmdResp3
                0x08005c2c       0x7c ./Drivers/STM32F4xx_HAL_Driver/Src/stm32f4xx_ll_sdmmc.o
                0x08005c2c                SDMMC_GetCmdResp3
 .text.SDMMC_GetCmdResp6
                0x08005ca8       0xec ./Drivers/STM32F4xx_HAL_Driver/Src/stm32f4xx_ll_sdmmc.o
                0x08005ca8                SDMMC_GetCmdResp6
 .text.SDMMC_GetCmdResp7
                0x08005d94       0x9c ./Drivers/STM32F4xx_HAL_Driver/Src/stm32f4xx_ll_sdmmc.o
                0x08005d94                SDMMC_GetCmdResp7
 .text.SDMMC_GetCmdError
                0x08005e30       0x58 ./Drivers/STM32F4xx_HAL_Driver/Src/stm32f4xx_ll_sdmmc.o
 .text.MX_FATFS_Init
                0x08005e88       0x24 ./FATFS/App/fatfs.o
                0x08005e88                MX_FATFS_Init
 .text.get_fattime
                0x08005eac       0x10 ./FATFS/App/fatfs.o
                0x08005eac                get_fattime
 .text.BSP_SD_Init
                0x08005ebc       0x30 ./FATFS/Target/bsp_driver_sd.o
                0x08005ebc                BSP_SD_Init
 .text.BSP_SD_ReadBlocks_DMA
                0x08005eec       0x34 ./FATFS/Target/bsp_driver_sd.o
                0x08005eec                BSP_SD_ReadBlocks_DMA
 .text.BSP_SD_WriteBlocks_DMA
                0x08005f20       0x34 ./FATFS/Target/bsp_driver_sd.o
                0x08005f20                BSP_SD_WriteBlocks_DMA
 .text.BSP_SD_GetCardState
                0x08005f54       0x20 ./FATFS/Target/bsp_driver_sd.o
                0x08005f54                BSP_SD_GetCardState
 .text.BSP_SD_GetCardInfo
                0x08005f74       0x1c ./FATFS/Target/bsp_driver_sd.o
                0x08005f74                BSP_SD_GetCardInfo
 .text.HAL_SD_AbortCallback
                0x08005f90       0x14 ./FATFS/Target/bsp_driver_sd.o
                0x08005f90                HAL_SD_AbortCallback
 .text.HAL_SD_TxCpltCallback
                0x08005fa4       0x14 ./FATFS/Target/bsp_driver_sd.o
                0x08005fa4                HAL_SD_TxCpltCallback
 .text.HAL_SD_RxCpltCallback
                0x08005fb8       0x14 ./FATFS/Target/bsp_driver_sd.o
                0x08005fb8                HAL_SD_RxCpltCallback
 .text.BSP_SD_AbortCallback
                0x08005fcc        0xe ./FATFS/Target/bsp_driver_sd.o
                0x08005fcc                BSP_SD_AbortCallback
 .text.BSP_SD_IsDetected
                0x08005fda       0x24 ./FATFS/Target/bsp_driver_sd.o
                0x08005fda                BSP_SD_IsDetected
 *fill*         0x08005ffe        0x2 
 .text.BSP_PlatformIsDetected
                0x08006000       0x2c ./FATFS/Target/fatfs_platform.o
                0x08006000                BSP_PlatformIsDetected
 .text.SD_CheckStatusWithTimeout
                0x0800602c       0x3a ./FATFS/Target/sd_diskio.o
 *fill*         0x08006066        0x2 
 .text.SD_CheckStatus
                0x08006068       0x3c ./FATFS/Target/sd_diskio.o
 .text.SD_initialize
                0x080060a4       0x38 ./FATFS/Target/sd_diskio.o
                0x080060a4                SD_initialize
 .text.SD_status
                0x080060dc       0x1c ./FATFS/Target/sd_diskio.o
                0x080060dc                SD_status
 .text.SD_read  0x080060f8       0xac ./FATFS/Target/sd_diskio.o
                0x080060f8                SD_read
 .text.SD_write
                0x080061a4       0xac ./FATFS/Target/sd_diskio.o
                0x080061a4                SD_write
 .text.SD_ioctl
                0x08006250       0xb0 ./FATFS/Target/sd_diskio.o
                0x08006250                SD_ioctl
 .text.BSP_SD_WriteCpltCallback
                0x08006300       0x18 ./FATFS/Target/sd_diskio.o
                0x08006300                BSP_SD_WriteCpltCallback
 .text.BSP_SD_ReadCpltCallback
                0x08006318       0x18 ./FATFS/Target/sd_diskio.o
                0x08006318                BSP_SD_ReadCpltCallback
 .text.disk_status
                0x08006330       0x34 ./Middlewares/Third_Party/FatFs/src/diskio.o
                0x08006330                disk_status
 .text.disk_initialize
                0x08006364       0x50 ./Middlewares/Third_Party/FatFs/src/diskio.o
                0x08006364                disk_initialize
 .text.disk_read
                0x080063b4       0x40 ./Middlewares/Third_Party/FatFs/src/diskio.o
                0x080063b4                disk_read
 .text.disk_write
                0x080063f4       0x40 ./Middlewares/Third_Party/FatFs/src/diskio.o
                0x080063f4                disk_write
 .text.disk_ioctl
                0x08006434       0x3c ./Middlewares/Third_Party/FatFs/src/diskio.o
                0x08006434                disk_ioctl
 .text.ld_word  0x08006470       0x30 ./Middlewares/Third_Party/FatFs/src/ff.o
 .text.ld_dword
                0x080064a0       0x46 ./Middlewares/Third_Party/FatFs/src/ff.o
 .text.st_word  0x080064e6       0x36 ./Middlewares/Third_Party/FatFs/src/ff.o
 .text.st_dword
                0x0800651c       0x58 ./Middlewares/Third_Party/FatFs/src/ff.o
 .text.mem_cpy  0x08006574       0x42 ./Middlewares/Third_Party/FatFs/src/ff.o
 .text.mem_set  0x080065b6       0x36 ./Middlewares/Third_Party/FatFs/src/ff.o
 .text.mem_cmp  0x080065ec       0x4e ./Middlewares/Third_Party/FatFs/src/ff.o
 .text.chk_chr  0x0800663a       0x36 ./Middlewares/Third_Party/FatFs/src/ff.o
 .text.chk_lock
                0x08006670       0xb8 ./Middlewares/Third_Party/FatFs/src/ff.o
 .text.enq_lock
                0x08006728       0x44 ./Middlewares/Third_Party/FatFs/src/ff.o
 .text.inc_lock
                0x0800676c      0x11c ./Middlewares/Third_Party/FatFs/src/ff.o
 .text.dec_lock
                0x08006888       0x78 ./Middlewares/Third_Party/FatFs/src/ff.o
 .text.clear_lock
                0x08006900       0x48 ./Middlewares/Third_Party/FatFs/src/ff.o
 .text.sync_window
                0x08006948       0x88 ./Middlewares/Third_Party/FatFs/src/ff.o
 .text.move_window
                0x080069d0       0x5a ./Middlewares/Third_Party/FatFs/src/ff.o
 *fill*         0x08006a2a        0x2 
 .text.sync_fs  0x08006a2c       0xdc ./Middlewares/Third_Party/FatFs/src/ff.o
 .text.clust2sect
                0x08006b08       0x3e ./Middlewares/Third_Party/FatFs/src/ff.o
 .text.get_fat  0x08006b46      0x14e ./Middlewares/Third_Party/FatFs/src/ff.o
 .text.put_fat  0x08006c94      0x1d4 ./Middlewares/Third_Party/FatFs/src/ff.o
 .text.remove_chain
                0x08006e68       0xca ./Middlewares/Third_Party/FatFs/src/ff.o
 .text.create_chain
                0x08006f32      0x130 ./Middlewares/Third_Party/FatFs/src/ff.o
 .text.clmt_clust
                0x08007062       0x68 ./Middlewares/Third_Party/FatFs/src/ff.o
 .text.dir_sdi  0x080070ca       0xf6 ./Middlewares/Third_Party/FatFs/src/ff.o
 .text.dir_next
                0x080071c0      0x18a ./Middlewares/Third_Party/FatFs/src/ff.o
 .text.dir_alloc
                0x0800734a       0x8e ./Middlewares/Third_Party/FatFs/src/ff.o
 .text.ld_clust
                0x080073d8       0x3e ./Middlewares/Third_Party/FatFs/src/ff.o
 .text.st_clust
                0x08007416       0x40 ./Middlewares/Third_Party/FatFs/src/ff.o
 *fill*         0x08007456        0x2 
 .text.cmp_lfn  0x08007458       0xe0 ./Middlewares/Third_Party/FatFs/src/ff.o
 .text.put_lfn  0x08007538       0xd0 ./Middlewares/Third_Party/FatFs/src/ff.o
 .text.gen_numname
                0x08007608      0x11c ./Middlewares/Third_Party/FatFs/src/ff.o
 .text.sum_sfn  0x08007724       0x42 ./Middlewares/Third_Party/FatFs/src/ff.o
 .text.dir_find
                0x08007766      0x180 ./Middlewares/Third_Party/FatFs/src/ff.o
 *fill*         0x080078e6        0x2 
 .text.dir_register
                0x080078e8      0x1f0 ./Middlewares/Third_Party/FatFs/src/ff.o
 .text.create_name
                0x08007ad8      0x370 ./Middlewares/Third_Party/FatFs/src/ff.o
 .text.follow_path
                0x08007e48       0xe2 ./Middlewares/Third_Party/FatFs/src/ff.o
 .text.get_ldnumber
                0x08007f2a       0x88 ./Middlewares/Third_Party/FatFs/src/ff.o
 *fill*         0x08007fb2        0x2 
 .text.check_fs
                0x08007fb4       0xac ./Middlewares/Third_Party/FatFs/src/ff.o
 .text.find_volume
                0x08008060      0x4a0 ./Middlewares/Third_Party/FatFs/src/ff.o
 .text.validate
                0x08008500       0x6a ./Middlewares/Third_Party/FatFs/src/ff.o
 *fill*         0x0800856a        0x2 
 .text.f_mount  0x0800856c       0x8c ./Middlewares/Third_Party/FatFs/src/ff.o
                0x0800856c                f_mount
 .text.f_open   0x080085f8      0x374 ./Middlewares/Third_Party/FatFs/src/ff.o
                0x080085f8                f_open
 .text.f_read   0x0800896c      0x27e ./Middlewares/Third_Party/FatFs/src/ff.o
                0x0800896c                f_read
 .text.f_write  0x08008bea      0x2ea ./Middlewares/Third_Party/FatFs/src/ff.o
                0x08008bea                f_write
 .text.f_sync   0x08008ed4       0xfc ./Middlewares/Third_Party/FatFs/src/ff.o
                0x08008ed4                f_sync
 .text.f_close  0x08008fd0       0x54 ./Middlewares/Third_Party/FatFs/src/ff.o
                0x08008fd0                f_close
 .text.FATFS_LinkDriverEx
                0x08009024       0x98 ./Middlewares/Third_Party/FatFs/src/ff_gen_drv.o
                0x08009024                FATFS_LinkDriverEx
 .text.FATFS_LinkDriver
                0x080090bc       0x1e ./Middlewares/Third_Party/FatFs/src/ff_gen_drv.o
                0x080090bc                FATFS_LinkDriver
 *fill*         0x080090da        0x2 
 .text.ff_convert
                0x080090dc       0x78 ./Middlewares/Third_Party/FatFs/src/option/ccsbcs.o
                0x080090dc                ff_convert
 .text.ff_wtoupper
                0x08009154      0x114 ./Middlewares/Third_Party/FatFs/src/option/ccsbcs.o
                0x08009154                ff_wtoupper
 .text._vsnprintf_r
                0x08009268       0x56 C:/ST/STM32CubeIDE_1.14.1/STM32CubeIDE/plugins/com.st.stm32cube.ide.mcu.externaltools.gnu-tools-for-stm32.12.3.rel1.win32_1.0.100.202403111256/tools/bin/../lib/gcc/arm-none-eabi/12.3.1/../../../../arm-none-eabi/lib/thumb/v7e-m+fp/hard\libc_nano.a(libc_a-vsnprintf.o)
                0x08009268                _vsniprintf_r
                0x08009268                _vsnprintf_r
 *fill*         0x080092be        0x2 
 .text.vsnprintf
                0x080092c0       0x1c C:/ST/STM32CubeIDE_1.14.1/STM32CubeIDE/plugins/com.st.stm32cube.ide.mcu.externaltools.gnu-tools-for-stm32.12.3.rel1.win32_1.0.100.202403111256/tools/bin/../lib/gcc/arm-none-eabi/12.3.1/../../../../arm-none-eabi/lib/thumb/v7e-m+fp/hard\libc_nano.a(libc_a-vsnprintf.o)
                0x080092c0                vsniprintf
                0x080092c0                vsnprintf
 .text.memset   0x080092dc       0x10 C:/ST/STM32CubeIDE_1.14.1/STM32CubeIDE/plugins/com.st.stm32cube.ide.mcu.externaltools.gnu-tools-for-stm32.12.3.rel1.win32_1.0.100.202403111256/tools/bin/../lib/gcc/arm-none-eabi/12.3.1/../../../../arm-none-eabi/lib/thumb/v7e-m+fp/hard\libc_nano.a(libc_a-memset.o)
                0x080092dc                memset
 .text.__errno  0x080092ec        0xc C:/ST/STM32CubeIDE_1.14.1/STM32CubeIDE/plugins/com.st.stm32cube.ide.mcu.externaltools.gnu-tools-for-stm32.12.3.rel1.win32_1.0.100.202403111256/tools/bin/../lib/gcc/arm-none-eabi/12.3.1/../../../../arm-none-eabi/lib/thumb/v7e-m+fp/hard\libc_nano.a(libc_a-errno.o)
                0x080092ec                __errno
 .text.__libc_init_array
                0x080092f8       0x48 C:/ST/STM32CubeIDE_1.14.1/STM32CubeIDE/plugins/com.st.stm32cube.ide.mcu.externaltools.gnu-tools-for-stm32.12.3.rel1.win32_1.0.100.202403111256/tools/bin/../lib/gcc/arm-none-eabi/12.3.1/../../../../arm-none-eabi/lib/thumb/v7e-m+fp/hard\libc_nano.a(libc_a-init.o)
                0x080092f8                __libc_init_array
 .text.__retarget_lock_acquire_recursive
                0x08009340        0x2 C:/ST/STM32CubeIDE_1.14.1/STM32CubeIDE/plugins/com.st.stm32cube.ide.mcu.externaltools.gnu-tools-for-stm32.12.3.rel1.win32_1.0.100.202403111256/tools/bin/../lib/gcc/arm-none-eabi/12.3.1/../../../../arm-none-eabi/lib/thumb/v7e-m+fp/hard\libc_nano.a(libc_a-lock.o)
                0x08009340                __retarget_lock_acquire_recursive
 .text.__retarget_lock_release_recursive
                0x08009342        0x2 C:/ST/STM32CubeIDE_1.14.1/STM32CubeIDE/plugins/com.st.stm32cube.ide.mcu.externaltools.gnu-tools-for-stm32.12.3.rel1.win32_1.0.100.202403111256/tools/bin/../lib/gcc/arm-none-eabi/12.3.1/../../../../arm-none-eabi/lib/thumb/v7e-m+fp/hard\libc_nano.a(libc_a-lock.o)
                0x08009342                __retarget_lock_release_recursive
 .text._free_r  0x08009344       0x94 C:/ST/STM32CubeIDE_1.14.1/STM32CubeIDE/plugins/com.st.stm32cube.ide.mcu.externaltools.gnu-tools-for-stm32.12.3.rel1.win32_1.0.100.202403111256/tools/bin/../lib/gcc/arm-none-eabi/12.3.1/../../../../arm-none-eabi/lib/thumb/v7e-m+fp/hard\libc_nano.a(libc_a-freer.o)
                0x08009344                _free_r
 .text.sbrk_aligned
                0x080093d8       0x44 C:/ST/STM32CubeIDE_1.14.1/STM32CubeIDE/plugins/com.st.stm32cube.ide.mcu.externaltools.gnu-tools-for-stm32.12.3.rel1.win32_1.0.100.202403111256/tools/bin/../lib/gcc/arm-none-eabi/12.3.1/../../../../arm-none-eabi/lib/thumb/v7e-m+fp/hard\libc_nano.a(libc_a-mallocr.o)
 .text._malloc_r
                0x0800941c      0x100 C:/ST/STM32CubeIDE_1.14.1/STM32CubeIDE/plugins/com.st.stm32cube.ide.mcu.externaltools.gnu-tools-for-stm32.12.3.rel1.win32_1.0.100.202403111256/tools/bin/../lib/gcc/arm-none-eabi/12.3.1/../../../../arm-none-eabi/lib/thumb/v7e-m+fp/hard\libc_nano.a(libc_a-mallocr.o)
                0x0800941c                _malloc_r
 .text.__malloc_lock
                0x0800951c        0xc C:/ST/STM32CubeIDE_1.14.1/STM32CubeIDE/plugins/com.st.stm32cube.ide.mcu.externaltools.gnu-tools-for-stm32.12.3.rel1.win32_1.0.100.202403111256/tools/bin/../lib/gcc/arm-none-eabi/12.3.1/../../../../arm-none-eabi/lib/thumb/v7e-m+fp/hard\libc_nano.a(libc_a-mlock.o)
                0x0800951c                __malloc_lock
 .text.__malloc_unlock
                0x08009528        0xc C:/ST/STM32CubeIDE_1.14.1/STM32CubeIDE/plugins/com.st.stm32cube.ide.mcu.externaltools.gnu-tools-for-stm32.12.3.rel1.win32_1.0.100.202403111256/tools/bin/../lib/gcc/arm-none-eabi/12.3.1/../../../../arm-none-eabi/lib/thumb/v7e-m+fp/hard\libc_nano.a(libc_a-mlock.o)
                0x08009528                __malloc_unlock
 .text.__ssputs_r
                0x08009534       0xb6 C:/ST/STM32CubeIDE_1.14.1/STM32CubeIDE/plugins/com.st.stm32cube.ide.mcu.externaltools.gnu-tools-for-stm32.12.3.rel1.win32_1.0.100.202403111256/tools/bin/../lib/gcc/arm-none-eabi/12.3.1/../../../../arm-none-eabi/lib/thumb/v7e-m+fp/hard\libc_nano.a(libc_a-nano-svfprintf.o)
                0x08009534                __ssputs_r
 *fill*         0x080095ea        0x2 
 .text._svfprintf_r
                0x080095ec      0x1f8 C:/ST/STM32CubeIDE_1.14.1/STM32CubeIDE/plugins/com.st.stm32cube.ide.mcu.externaltools.gnu-tools-for-stm32.12.3.rel1.win32_1.0.100.202403111256/tools/bin/../lib/gcc/arm-none-eabi/12.3.1/../../../../arm-none-eabi/lib/thumb/v7e-m+fp/hard\libc_nano.a(libc_a-nano-svfprintf.o)
                0x080095ec                _svfiprintf_r
                0x080095ec                _svfprintf_r
 .text._printf_common
                0x080097e4       0xda C:/ST/STM32CubeIDE_1.14.1/STM32CubeIDE/plugins/com.st.stm32cube.ide.mcu.externaltools.gnu-tools-for-stm32.12.3.rel1.win32_1.0.100.202403111256/tools/bin/../lib/gcc/arm-none-eabi/12.3.1/../../../../arm-none-eabi/lib/thumb/v7e-m+fp/hard\libc_nano.a(libc_a-nano-vfprintf_i.o)
                0x080097e4                _printf_common
 *fill*         0x080098be        0x2 
 .text._printf_i
                0x080098c0      0x240 C:/ST/STM32CubeIDE_1.14.1/STM32CubeIDE/plugins/com.st.stm32cube.ide.mcu.externaltools.gnu-tools-for-stm32.12.3.rel1.win32_1.0.100.202403111256/tools/bin/../lib/gcc/arm-none-eabi/12.3.1/../../../../arm-none-eabi/lib/thumb/v7e-m+fp/hard\libc_nano.a(libc_a-nano-vfprintf_i.o)
                0x080098c0                _printf_i
 .text.memmove  0x08009b00       0x34 C:/ST/STM32CubeIDE_1.14.1/STM32CubeIDE/plugins/com.st.stm32cube.ide.mcu.externaltools.gnu-tools-for-stm32.12.3.rel1.win32_1.0.100.202403111256/tools/bin/../lib/gcc/arm-none-eabi/12.3.1/../../../../arm-none-eabi/lib/thumb/v7e-m+fp/hard\libc_nano.a(libc_a-memmove.o)
                0x08009b00                memmove
 .text._sbrk_r  0x08009b34       0x20 C:/ST/STM32CubeIDE_1.14.1/STM32CubeIDE/plugins/com.st.stm32cube.ide.mcu.externaltools.gnu-tools-for-stm32.12.3.rel1.win32_1.0.100.202403111256/tools/bin/../lib/gcc/arm-none-eabi/12.3.1/../../../../arm-none-eabi/lib/thumb/v7e-m+fp/hard\libc_nano.a(libc_a-sbrkr.o)
                0x08009b34                _sbrk_r
 .text.memcpy   0x08009b54       0x1c C:/ST/STM32CubeIDE_1.14.1/STM32CubeIDE/plugins/com.st.stm32cube.ide.mcu.externaltools.gnu-tools-for-stm32.12.3.rel1.win32_1.0.100.202403111256/tools/bin/../lib/gcc/arm-none-eabi/12.3.1/../../../../arm-none-eabi/lib/thumb/v7e-m+fp/hard\libc_nano.a(libc_a-memcpy-stub.o)
                0x08009b54                memcpy
 .text._realloc_r
                0x08009b70       0x5c C:/ST/STM32CubeIDE_1.14.1/STM32CubeIDE/plugins/com.st.stm32cube.ide.mcu.externaltools.gnu-tools-for-stm32.12.3.rel1.win32_1.0.100.202403111256/tools/bin/../lib/gcc/arm-none-eabi/12.3.1/../../../../arm-none-eabi/lib/thumb/v7e-m+fp/hard\libc_nano.a(libc_a-reallocr.o)
                0x08009b70                _realloc_r
 .text._malloc_usable_size_r
                0x08009bcc       0x10 C:/ST/STM32CubeIDE_1.14.1/STM32CubeIDE/plugins/com.st.stm32cube.ide.mcu.externaltools.gnu-tools-for-stm32.12.3.rel1.win32_1.0.100.202403111256/tools/bin/../lib/gcc/arm-none-eabi/12.3.1/../../../../arm-none-eabi/lib/thumb/v7e-m+fp/hard\libc_nano.a(libc_a-msizer.o)
                0x08009bcc                _malloc_usable_size_r
 *(.glue_7)
 .glue_7        0x08009bdc        0x0 linker stubs
 *(.glue_7t)
 .glue_7t       0x08009bdc        0x0 linker stubs
 *(.eh_frame)
 .eh_frame      0x08009bdc        0x0 C:/ST/STM32CubeIDE_1.14.1/STM32CubeIDE/plugins/com.st.stm32cube.ide.mcu.externaltools.gnu-tools-for-stm32.12.3.rel1.win32_1.0.100.202403111256/tools/bin/../lib/gcc/arm-none-eabi/12.3.1/thumb/v7e-m+fp/hard/crtbegin.o
 *(.init)
 .init          0x08009bdc        0x4 C:/ST/STM32CubeIDE_1.14.1/STM32CubeIDE/plugins/com.st.stm32cube.ide.mcu.externaltools.gnu-tools-for-stm32.12.3.rel1.win32_1.0.100.202403111256/tools/bin/../lib/gcc/arm-none-eabi/12.3.1/thumb/v7e-m+fp/hard/crti.o
                0x08009bdc                _init
 .init          0x08009be0        0x8 C:/ST/STM32CubeIDE_1.14.1/STM32CubeIDE/plugins/com.st.stm32cube.ide.mcu.externaltools.gnu-tools-for-stm32.12.3.rel1.win32_1.0.100.202403111256/tools/bin/../lib/gcc/arm-none-eabi/12.3.1/thumb/v7e-m+fp/hard/crtn.o
 *(.fini)
 .fini          0x08009be8        0x4 C:/ST/STM32CubeIDE_1.14.1/STM32CubeIDE/plugins/com.st.stm32cube.ide.mcu.externaltools.gnu-tools-for-stm32.12.3.rel1.win32_1.0.100.202403111256/tools/bin/../lib/gcc/arm-none-eabi/12.3.1/thumb/v7e-m+fp/hard/crti.o
                0x08009be8                _fini
 .fini          0x08009bec        0x8 C:/ST/STM32CubeIDE_1.14.1/STM32CubeIDE/plugins/com.st.stm32cube.ide.mcu.externaltools.gnu-tools-for-stm32.12.3.rel1.win32_1.0.100.202403111256/tools/bin/../lib/gcc/arm-none-eabi/12.3.1/thumb/v7e-m+fp/hard/crtn.o
                0x08009bf4                        . = ALIGN (0x4)
                0x08009bf4                        _etext = .

.vfp11_veneer   0x08009bf4        0x0
 .vfp11_veneer  0x08009bf4        0x0 linker stubs

.v4_bx          0x08009bf4        0x0
 .v4_bx         0x08009bf4        0x0 linker stubs

.iplt           0x08009bf4        0x0
 .iplt          0x08009bf4        0x0 C:/ST/STM32CubeIDE_1.14.1/STM32CubeIDE/plugins/com.st.stm32cube.ide.mcu.externaltools.gnu-tools-for-stm32.12.3.rel1.win32_1.0.100.202403111256/tools/bin/../lib/gcc/arm-none-eabi/12.3.1/thumb/v7e-m+fp/hard/crtbegin.o

.rodata         0x08009bf4      0x5dc
                0x08009bf4                        . = ALIGN (0x4)
 *(.rodata)
 .rodata        0x08009bf4       0xea ./Core/Src/main.o
 *fill*         0x08009cde        0x2 
 .rodata        0x08009ce0       0x48 ./Middlewares/Third_Party/FatFs/src/ff.o
 *(.rodata*)
 .rodata.AHBPrescTable
                0x08009d28       0x10 ./Core/Src/system_stm32f4xx.o
                0x08009d28                AHBPrescTable
 .rodata.APBPrescTable
                0x08009d38        0x8 ./Core/Src/system_stm32f4xx.o
                0x08009d38                APBPrescTable
 .rodata.flagBitshiftOffset.0
                0x08009d40        0x8 ./Drivers/STM32F4xx_HAL_Driver/Src/stm32f4xx_hal_dma.o
 .rodata.SD_Driver
                0x08009d48       0x14 ./FATFS/Target/sd_diskio.o
                0x08009d48                SD_Driver
 .rodata.ExCvt  0x08009d5c       0x80 ./Middlewares/Third_Party/FatFs/src/ff.o
 .rodata.LfnOfs
                0x08009ddc        0xd ./Middlewares/Third_Party/FatFs/src/ff.o
 *fill*         0x08009de9        0x3 
 .rodata.Tbl    0x08009dec      0x100 ./Middlewares/Third_Party/FatFs/src/option/ccsbcs.o
 .rodata.cvt1.1
                0x08009eec      0x1f2 ./Middlewares/Third_Party/FatFs/src/option/ccsbcs.o
 *fill*         0x0800a0de        0x2 
 .rodata.cvt2.0
                0x0800a0e0       0xbc ./Middlewares/Third_Party/FatFs/src/option/ccsbcs.o
 .rodata._svfprintf_r.str1.1
                0x0800a19c       0x11 C:/ST/STM32CubeIDE_1.14.1/STM32CubeIDE/plugins/com.st.stm32cube.ide.mcu.externaltools.gnu-tools-for-stm32.12.3.rel1.win32_1.0.100.202403111256/tools/bin/../lib/gcc/arm-none-eabi/12.3.1/../../../../arm-none-eabi/lib/thumb/v7e-m+fp/hard\libc_nano.a(libc_a-nano-svfprintf.o)
 .rodata._printf_i.str1.1
                0x0800a1ad       0x22 C:/ST/STM32CubeIDE_1.14.1/STM32CubeIDE/plugins/com.st.stm32cube.ide.mcu.externaltools.gnu-tools-for-stm32.12.3.rel1.win32_1.0.100.202403111256/tools/bin/../lib/gcc/arm-none-eabi/12.3.1/../../../../arm-none-eabi/lib/thumb/v7e-m+fp/hard\libc_nano.a(libc_a-nano-vfprintf_i.o)
                0x0800a1d0                        . = ALIGN (0x4)
 *fill*         0x0800a1cf        0x1 

.ARM.extab      0x0800a1d0        0x0
                0x0800a1d0                        . = ALIGN (0x4)
 *(.ARM.extab* .gnu.linkonce.armextab.*)
                0x0800a1d0                        . = ALIGN (0x4)

.ARM            0x0800a1d0        0x8
                0x0800a1d0                        . = ALIGN (0x4)
                0x0800a1d0                        __exidx_start = .
 *(.ARM.exidx*)
 .ARM.exidx     0x0800a1d0        0x8 C:/ST/STM32CubeIDE_1.14.1/STM32CubeIDE/plugins/com.st.stm32cube.ide.mcu.externaltools.gnu-tools-for-stm32.12.3.rel1.win32_1.0.100.202403111256/tools/bin/../lib/gcc/arm-none-eabi/12.3.1/../../../../arm-none-eabi/lib/thumb/v7e-m+fp/hard\libc_nano.a(libc_a-strlen.o)
 .ARM.exidx     0x0800a1d8        0x0 C:/ST/STM32CubeIDE_1.14.1/STM32CubeIDE/plugins/com.st.stm32cube.ide.mcu.externaltools.gnu-tools-for-stm32.12.3.rel1.win32_1.0.100.202403111256/tools/bin/../lib/gcc/arm-none-eabi/12.3.1/../../../../arm-none-eabi/lib/thumb/v7e-m+fp/hard\libc_nano.a(libc_a-memchr.o)
                                  0x8 (size before relaxing)
 .ARM.exidx     0x0800a1d8        0x0 C:/ST/STM32CubeIDE_1.14.1/STM32CubeIDE/plugins/com.st.stm32cube.ide.mcu.externaltools.gnu-tools-for-stm32.12.3.rel1.win32_1.0.100.202403111256/tools/bin/../lib/gcc/arm-none-eabi/12.3.1/thumb/v7e-m+fp/hard\libgcc.a(_udivmoddi4.o)
                                  0x8 (size before relaxing)
                0x0800a1d8                        __exidx_end = .
                0x0800a1d8                        . = ALIGN (0x4)

.preinit_array  0x0800a1d8        0x0
                0x0800a1d8                        . = ALIGN (0x4)
                0x0800a1d8                        PROVIDE (__preinit_array_start = .)
 *(.preinit_array*)
                0x0800a1d8                        PROVIDE (__preinit_array_end = .)
                0x0800a1d8                        . = ALIGN (0x4)

.init_array     0x0800a1d8        0x4
                0x0800a1d8                        . = ALIGN (0x4)
                0x0800a1d8                        PROVIDE (__init_array_start = .)
 *(SORT_BY_NAME(.init_array.*))
 *(.init_array*)
 .init_array    0x0800a1d8        0x4 C:/ST/STM32CubeIDE_1.14.1/STM32CubeIDE/plugins/com.st.stm32cube.ide.mcu.externaltools.gnu-tools-for-stm32.12.3.rel1.win32_1.0.100.202403111256/tools/bin/../lib/gcc/arm-none-eabi/12.3.1/thumb/v7e-m+fp/hard/crtbegin.o
                0x0800a1dc                        PROVIDE (__init_array_end = .)
                0x0800a1dc                        . = ALIGN (0x4)

.fini_array     0x0800a1dc        0x4
                0x0800a1dc                        . = ALIGN (0x4)
                [!provide]                        PROVIDE (__fini_array_start = .)
 *(SORT_BY_NAME(.fini_array.*))
 *(.fini_array*)
 .fini_array    0x0800a1dc        0x4 C:/ST/STM32CubeIDE_1.14.1/STM32CubeIDE/plugins/com.st.stm32cube.ide.mcu.externaltools.gnu-tools-for-stm32.12.3.rel1.win32_1.0.100.202403111256/tools/bin/../lib/gcc/arm-none-eabi/12.3.1/thumb/v7e-m+fp/hard/crtbegin.o
                [!provide]                        PROVIDE (__fini_array_end = .)
                0x0800a1e0                        . = ALIGN (0x4)
                0x0800a1e0                        _sidata = LOADADDR (.data)

.rel.dyn        0x0800a1e0        0x0
 .rel.iplt      0x0800a1e0        0x0 C:/ST/STM32CubeIDE_1.14.1/STM32CubeIDE/plugins/com.st.stm32cube.ide.mcu.externaltools.gnu-tools-for-stm32.12.3.rel1.win32_1.0.100.202403111256/tools/bin/../lib/gcc/arm-none-eabi/12.3.1/thumb/v7e-m+fp/hard/crtbegin.o

.data           0x20000000      0x994 load address 0x0800a1e0
                0x20000000                        . = ALIGN (0x4)
                0x20000000                        _sdata = .
 *(.data)
 *(.data*)
 .data.buffer_A
                0x20000000      0x104 ./Core/Src/main.o
                0x20000000                buffer_A
 .data.buffer_B
                0x20000104      0x104 ./Core/Src/main.o
                0x20000104                buffer_B
 .data.buffer_D
                0x20000208      0x104 ./Core/Src/main.o
                0x20000208                buffer_D
 .data.buffer_E
                0x2000030c      0x104 ./Core/Src/main.o
                0x2000030c                buffer_E
 .data.buffer_H
                0x20000410      0x104 ./Core/Src/main.o
                0x20000410                buffer_H
 .data.buffer_L
                0x20000514      0x104 ./Core/Src/main.o
                0x20000514                buffer_L
 .data.buffer_O
                0x20000618      0x104 ./Core/Src/main.o
                0x20000618                buffer_O
 .data.buffer_R
                0x2000071c      0x104 ./Core/Src/main.o
                0x2000071c                buffer_R
 .data.buffer_W
                0x20000820      0x104 ./Core/Src/main.o
                0x20000820                buffer_W
 .data.COLOR    0x20000924       0x12 ./Core/Src/main.o
                0x20000924                COLOR
 *fill*         0x20000936        0x2 
 .data.SystemCoreClock
                0x20000938        0x4 ./Core/Src/system_stm32f4xx.o
                0x20000938                SystemCoreClock
 .data.uwTickPrio
                0x2000093c        0x4 ./Drivers/STM32F4xx_HAL_Driver/Src/stm32f4xx_hal.o
                0x2000093c                uwTickPrio
 .data.uwTickFreq
                0x20000940        0x1 ./Drivers/STM32F4xx_HAL_Driver/Src/stm32f4xx_hal.o
                0x20000940                uwTickFreq
 .data.Stat     0x20000941        0x1 ./FATFS/Target/sd_diskio.o
 *fill*         0x20000942        0x2 
 .data._impure_ptr
                0x20000944        0x4 C:/ST/STM32CubeIDE_1.14.1/STM32CubeIDE/plugins/com.st.stm32cube.ide.mcu.externaltools.gnu-tools-for-stm32.12.3.rel1.win32_1.0.100.202403111256/tools/bin/../lib/gcc/arm-none-eabi/12.3.1/../../../../arm-none-eabi/lib/thumb/v7e-m+fp/hard\libc_nano.a(libc_a-impure.o)
                0x20000944                _impure_ptr
 .data._impure_data
                0x20000948       0x4c C:/ST/STM32CubeIDE_1.14.1/STM32CubeIDE/plugins/com.st.stm32cube.ide.mcu.externaltools.gnu-tools-for-stm32.12.3.rel1.win32_1.0.100.202403111256/tools/bin/../lib/gcc/arm-none-eabi/12.3.1/../../../../arm-none-eabi/lib/thumb/v7e-m+fp/hard\libc_nano.a(libc_a-impure.o)
                0x20000948                _impure_data
 *(.RamFunc)
 *(.RamFunc*)
                0x20000994                        . = ALIGN (0x4)
                0x20000994                        _edata = .

.igot.plt       0x20000994        0x0 load address 0x0800ab74
 .igot.plt      0x20000994        0x0 C:/ST/STM32CubeIDE_1.14.1/STM32CubeIDE/plugins/com.st.stm32cube.ide.mcu.externaltools.gnu-tools-for-stm32.12.3.rel1.win32_1.0.100.202403111256/tools/bin/../lib/gcc/arm-none-eabi/12.3.1/thumb/v7e-m+fp/hard/crtbegin.o
                0x20000994                        . = ALIGN (0x4)

.bss            0x20000994      0xa68 load address 0x0800ab74
                0x20000994                        _sbss = .
                0x20000994                        __bss_start__ = _sbss
 *(.bss)
 .bss           0x20000994       0x1c C:/ST/STM32CubeIDE_1.14.1/STM32CubeIDE/plugins/com.st.stm32cube.ide.mcu.externaltools.gnu-tools-for-stm32.12.3.rel1.win32_1.0.100.202403111256/tools/bin/../lib/gcc/arm-none-eabi/12.3.1/thumb/v7e-m+fp/hard/crtbegin.o
 *(.bss*)
 .bss.uart_rx_data
                0x200009b0        0x1 ./Core/Src/main.o
                0x200009b0                uart_rx_data
 .bss.count     0x200009b1        0x1 ./Core/Src/main.o
                0x200009b1                count
 *fill*         0x200009b2        0x2 
 .bss.pretime   0x200009b4        0x4 ./Core/Src/main.o
                0x200009b4                pretime
 .bss.pretime2  0x200009b8        0x4 ./Core/Src/main.o
                0x200009b8                pretime2
 .bss.EXTI12_flag
                0x200009bc        0x1 ./Core/Src/main.o
                0x200009bc                EXTI12_flag
 .bss.EXTI13_flag
                0x200009bd        0x1 ./Core/Src/main.o
                0x200009bd                EXTI13_flag
 .bss.LightOn   0x200009be        0x1 ./Core/Src/main.o
                0x200009be                LightOn
 *fill*         0x200009bf        0x1 
 .bss.hsd       0x200009c0       0x84 ./Core/Src/sdio.o
                0x200009c0                hsd
 .bss.hdma_sdio_rx
                0x20000a44       0x60 ./Core/Src/sdio.o
                0x20000a44                hdma_sdio_rx
 .bss.hdma_sdio_tx
                0x20000aa4       0x60 ./Core/Src/sdio.o
                0x20000aa4                hdma_sdio_tx
 .bss.hspi1     0x20000b04       0x58 ./Core/Src/spi.o
                0x20000b04                hspi1
 .bss.__sbrk_heap_end
                0x20000b5c        0x4 ./Core/Src/sysmem.o
 .bss.huart1    0x20000b60       0x48 ./Core/Src/usart.o
                0x20000b60                huart1
 .bss.hdma_usart1_rx
                0x20000ba8       0x60 ./Core/Src/usart.o
                0x20000ba8                hdma_usart1_rx
 .bss.uwTick    0x20000c08        0x4 ./Drivers/STM32F4xx_HAL_Driver/Src/stm32f4xx_hal.o
                0x20000c08                uwTick
 .bss.retSD     0x20000c0c        0x1 ./FATFS/App/fatfs.o
                0x20000c0c                retSD
 *fill*         0x20000c0d        0x3 
 .bss.SDPath    0x20000c10        0x4 ./FATFS/App/fatfs.o
                0x20000c10                SDPath
 .bss.SDFatFS   0x20000c14      0x234 ./FATFS/App/fatfs.o
                0x20000c14                SDFatFS
 .bss.SDFile    0x20000e48      0x230 ./FATFS/App/fatfs.o
                0x20000e48                SDFile
 .bss.WriteStatus
                0x20001078        0x4 ./FATFS/Target/sd_diskio.o
 .bss.ReadStatus
                0x2000107c        0x4 ./FATFS/Target/sd_diskio.o
 .bss.FatFs     0x20001080        0x4 ./Middlewares/Third_Party/FatFs/src/ff.o
 .bss.Fsid      0x20001084        0x2 ./Middlewares/Third_Party/FatFs/src/ff.o
 *fill*         0x20001086        0x2 
 .bss.Files     0x20001088       0x20 ./Middlewares/Third_Party/FatFs/src/ff.o
 .bss.LfnBuf    0x200010a8      0x200 ./Middlewares/Third_Party/FatFs/src/ff.o
 .bss.disk      0x200012a8        0xc ./Middlewares/Third_Party/FatFs/src/ff_gen_drv.o
                0x200012a8                disk
 .bss.__sf      0x200012b4      0x138 C:/ST/STM32CubeIDE_1.14.1/STM32CubeIDE/plugins/com.st.stm32cube.ide.mcu.externaltools.gnu-tools-for-stm32.12.3.rel1.win32_1.0.100.202403111256/tools/bin/../lib/gcc/arm-none-eabi/12.3.1/../../../../arm-none-eabi/lib/thumb/v7e-m+fp/hard\libc_nano.a(libc_a-findfp.o)
                0x200012b4                __sf
 .bss.errno     0x200013ec        0x4 C:/ST/STM32CubeIDE_1.14.1/STM32CubeIDE/plugins/com.st.stm32cube.ide.mcu.externaltools.gnu-tools-for-stm32.12.3.rel1.win32_1.0.100.202403111256/tools/bin/../lib/gcc/arm-none-eabi/12.3.1/../../../../arm-none-eabi/lib/thumb/v7e-m+fp/hard\libc_nano.a(libc_a-reent.o)
                0x200013ec                errno
 .bss.__lock___malloc_recursive_mutex
                0x200013f0        0x1 C:/ST/STM32CubeIDE_1.14.1/STM32CubeIDE/plugins/com.st.stm32cube.ide.mcu.externaltools.gnu-tools-for-stm32.12.3.rel1.win32_1.0.100.202403111256/tools/bin/../lib/gcc/arm-none-eabi/12.3.1/../../../../arm-none-eabi/lib/thumb/v7e-m+fp/hard\libc_nano.a(libc_a-lock.o)
                0x200013f0                __lock___malloc_recursive_mutex
 *fill*         0x200013f1        0x3 
 .bss.__malloc_sbrk_start
                0x200013f4        0x4 C:/ST/STM32CubeIDE_1.14.1/STM32CubeIDE/plugins/com.st.stm32cube.ide.mcu.externaltools.gnu-tools-for-stm32.12.3.rel1.win32_1.0.100.202403111256/tools/bin/../lib/gcc/arm-none-eabi/12.3.1/../../../../arm-none-eabi/lib/thumb/v7e-m+fp/hard\libc_nano.a(libc_a-mallocr.o)
                0x200013f4                __malloc_sbrk_start
 .bss.__malloc_free_list
                0x200013f8        0x4 C:/ST/STM32CubeIDE_1.14.1/STM32CubeIDE/plugins/com.st.stm32cube.ide.mcu.externaltools.gnu-tools-for-stm32.12.3.rel1.win32_1.0.100.202403111256/tools/bin/../lib/gcc/arm-none-eabi/12.3.1/../../../../arm-none-eabi/lib/thumb/v7e-m+fp/hard\libc_nano.a(libc_a-mallocr.o)
                0x200013f8                __malloc_free_list
 *(COMMON)
                0x200013fc                        . = ALIGN (0x4)
                0x200013fc                        _ebss = .
                0x200013fc                        __bss_end__ = _ebss

._user_heap_stack
                0x200013fc      0x604 load address 0x0800ab74
                0x20001400                        . = ALIGN (0x8)
 *fill*         0x200013fc        0x4 
                [!provide]                        PROVIDE (end = .)
                0x20001400                        PROVIDE (_end = .)
                0x20001600                        . = (. + _Min_Heap_Size)
 *fill*         0x20001400      0x200 
                0x20001a00                        . = (. + _Min_Stack_Size)
 *fill*         0x20001600      0x400 
                0x20001a00                        . = ALIGN (0x8)

/DISCARD/
 libc.a(*)
 libm.a(*)
 libgcc.a(*)

.ARM.attributes
                0x00000000       0x30
 *(.ARM.attributes)
 .ARM.attributes
                0x00000000       0x22 C:/ST/STM32CubeIDE_1.14.1/STM32CubeIDE/plugins/com.st.stm32cube.ide.mcu.externaltools.gnu-tools-for-stm32.12.3.rel1.win32_1.0.100.202403111256/tools/bin/../lib/gcc/arm-none-eabi/12.3.1/thumb/v7e-m+fp/hard/crti.o
 .ARM.attributes
                0x00000022       0x34 C:/ST/STM32CubeIDE_1.14.1/STM32CubeIDE/plugins/com.st.stm32cube.ide.mcu.externaltools.gnu-tools-for-stm32.12.3.rel1.win32_1.0.100.202403111256/tools/bin/../lib/gcc/arm-none-eabi/12.3.1/thumb/v7e-m+fp/hard/crtbegin.o
 .ARM.attributes
                0x00000056       0x34 ./Core/Src/dma.o
 .ARM.attributes
                0x0000008a       0x34 ./Core/Src/gpio.o
 .ARM.attributes
                0x000000be       0x34 ./Core/Src/main.o
 .ARM.attributes
                0x000000f2       0x34 ./Core/Src/sdio.o
 .ARM.attributes
                0x00000126       0x34 ./Core/Src/spi.o
 .ARM.attributes
                0x0000015a       0x34 ./Core/Src/stm32f4xx_hal_msp.o
 .ARM.attributes
                0x0000018e       0x34 ./Core/Src/stm32f4xx_it.o
 .ARM.attributes
                0x000001c2       0x34 ./Core/Src/sysmem.o
 .ARM.attributes
                0x000001f6       0x34 ./Core/Src/system_stm32f4xx.o
 .ARM.attributes
                0x0000022a       0x34 ./Core/Src/usart.o
 .ARM.attributes
                0x0000025e       0x21 ./Core/Startup/startup_stm32f411ceux.o
 .ARM.attributes
                0x0000027f       0x34 ./Drivers/STM32F4xx_HAL_Driver/Src/stm32f4xx_hal.o
 .ARM.attributes
                0x000002b3       0x34 ./Drivers/STM32F4xx_HAL_Driver/Src/stm32f4xx_hal_cortex.o
 .ARM.attributes
                0x000002e7       0x34 ./Drivers/STM32F4xx_HAL_Driver/Src/stm32f4xx_hal_dma.o
 .ARM.attributes
                0x0000031b       0x34 ./Drivers/STM32F4xx_HAL_Driver/Src/stm32f4xx_hal_gpio.o
 .ARM.attributes
                0x0000034f       0x34 ./Drivers/STM32F4xx_HAL_Driver/Src/stm32f4xx_hal_rcc.o
 .ARM.attributes
                0x00000383       0x34 ./Drivers/STM32F4xx_HAL_Driver/Src/stm32f4xx_hal_sd.o
 .ARM.attributes
                0x000003b7       0x34 ./Drivers/STM32F4xx_HAL_Driver/Src/stm32f4xx_hal_spi.o
 .ARM.attributes
                0x000003eb       0x34 ./Drivers/STM32F4xx_HAL_Driver/Src/stm32f4xx_hal_uart.o
 .ARM.attributes
                0x0000041f       0x34 ./Drivers/STM32F4xx_HAL_Driver/Src/stm32f4xx_ll_sdmmc.o
 .ARM.attributes
                0x00000453       0x34 ./FATFS/App/fatfs.o
 .ARM.attributes
                0x00000487       0x34 ./FATFS/Target/bsp_driver_sd.o
 .ARM.attributes
                0x000004bb       0x34 ./FATFS/Target/fatfs_platform.o
 .ARM.attributes
                0x000004ef       0x34 ./FATFS/Target/sd_diskio.o
 .ARM.attributes
                0x00000523       0x34 ./Middlewares/Third_Party/FatFs/src/diskio.o
 .ARM.attributes
                0x00000557       0x34 ./Middlewares/Third_Party/FatFs/src/ff.o
 .ARM.attributes
                0x0000058b       0x34 ./Middlewares/Third_Party/FatFs/src/ff_gen_drv.o
 .ARM.attributes
                0x000005bf       0x34 ./Middlewares/Third_Party/FatFs/src/option/ccsbcs.o
 .ARM.attributes
                0x000005f3       0x34 C:/ST/STM32CubeIDE_1.14.1/STM32CubeIDE/plugins/com.st.stm32cube.ide.mcu.externaltools.gnu-tools-for-stm32.12.3.rel1.win32_1.0.100.202403111256/tools/bin/../lib/gcc/arm-none-eabi/12.3.1/../../../../arm-none-eabi/lib/thumb/v7e-m+fp/hard\libc_nano.a(libc_a-findfp.o)
 .ARM.attributes
                0x00000627       0x34 C:/ST/STM32CubeIDE_1.14.1/STM32CubeIDE/plugins/com.st.stm32cube.ide.mcu.externaltools.gnu-tools-for-stm32.12.3.rel1.win32_1.0.100.202403111256/tools/bin/../lib/gcc/arm-none-eabi/12.3.1/../../../../arm-none-eabi/lib/thumb/v7e-m+fp/hard\libc_nano.a(libc_a-vsnprintf.o)
 .ARM.attributes
                0x0000065b       0x34 C:/ST/STM32CubeIDE_1.14.1/STM32CubeIDE/plugins/com.st.stm32cube.ide.mcu.externaltools.gnu-tools-for-stm32.12.3.rel1.win32_1.0.100.202403111256/tools/bin/../lib/gcc/arm-none-eabi/12.3.1/../../../../arm-none-eabi/lib/thumb/v7e-m+fp/hard\libc_nano.a(libc_a-memset.o)
 .ARM.attributes
                0x0000068f       0x34 C:/ST/STM32CubeIDE_1.14.1/STM32CubeIDE/plugins/com.st.stm32cube.ide.mcu.externaltools.gnu-tools-for-stm32.12.3.rel1.win32_1.0.100.202403111256/tools/bin/../lib/gcc/arm-none-eabi/12.3.1/../../../../arm-none-eabi/lib/thumb/v7e-m+fp/hard\libc_nano.a(libc_a-reent.o)
 .ARM.attributes
                0x000006c3       0x34 C:/ST/STM32CubeIDE_1.14.1/STM32CubeIDE/plugins/com.st.stm32cube.ide.mcu.externaltools.gnu-tools-for-stm32.12.3.rel1.win32_1.0.100.202403111256/tools/bin/../lib/gcc/arm-none-eabi/12.3.1/../../../../arm-none-eabi/lib/thumb/v7e-m+fp/hard\libc_nano.a(libc_a-impure.o)
 .ARM.attributes
                0x000006f7       0x34 C:/ST/STM32CubeIDE_1.14.1/STM32CubeIDE/plugins/com.st.stm32cube.ide.mcu.externaltools.gnu-tools-for-stm32.12.3.rel1.win32_1.0.100.202403111256/tools/bin/../lib/gcc/arm-none-eabi/12.3.1/../../../../arm-none-eabi/lib/thumb/v7e-m+fp/hard\libc_nano.a(libc_a-errno.o)
 .ARM.attributes
                0x0000072b       0x34 C:/ST/STM32CubeIDE_1.14.1/STM32CubeIDE/plugins/com.st.stm32cube.ide.mcu.externaltools.gnu-tools-for-stm32.12.3.rel1.win32_1.0.100.202403111256/tools/bin/../lib/gcc/arm-none-eabi/12.3.1/../../../../arm-none-eabi/lib/thumb/v7e-m+fp/hard\libc_nano.a(libc_a-init.o)
 .ARM.attributes
                0x0000075f       0x34 C:/ST/STM32CubeIDE_1.14.1/STM32CubeIDE/plugins/com.st.stm32cube.ide.mcu.externaltools.gnu-tools-for-stm32.12.3.rel1.win32_1.0.100.202403111256/tools/bin/../lib/gcc/arm-none-eabi/12.3.1/../../../../arm-none-eabi/lib/thumb/v7e-m+fp/hard\libc_nano.a(libc_a-lock.o)
 .ARM.attributes
                0x00000793       0x17 C:/ST/STM32CubeIDE_1.14.1/STM32CubeIDE/plugins/com.st.stm32cube.ide.mcu.externaltools.gnu-tools-for-stm32.12.3.rel1.win32_1.0.100.202403111256/tools/bin/../lib/gcc/arm-none-eabi/12.3.1/../../../../arm-none-eabi/lib/thumb/v7e-m+fp/hard\libc_nano.a(libc_a-strlen.o)
 .ARM.attributes
                0x000007aa       0x34 C:/ST/STM32CubeIDE_1.14.1/STM32CubeIDE/plugins/com.st.stm32cube.ide.mcu.externaltools.gnu-tools-for-stm32.12.3.rel1.win32_1.0.100.202403111256/tools/bin/../lib/gcc/arm-none-eabi/12.3.1/../../../../arm-none-eabi/lib/thumb/v7e-m+fp/hard\libc_nano.a(libc_a-freer.o)
 .ARM.attributes
                0x000007de       0x34 C:/ST/STM32CubeIDE_1.14.1/STM32CubeIDE/plugins/com.st.stm32cube.ide.mcu.externaltools.gnu-tools-for-stm32.12.3.rel1.win32_1.0.100.202403111256/tools/bin/../lib/gcc/arm-none-eabi/12.3.1/../../../../arm-none-eabi/lib/thumb/v7e-m+fp/hard\libc_nano.a(libc_a-mallocr.o)
 .ARM.attributes
                0x00000812       0x34 C:/ST/STM32CubeIDE_1.14.1/STM32CubeIDE/plugins/com.st.stm32cube.ide.mcu.externaltools.gnu-tools-for-stm32.12.3.rel1.win32_1.0.100.202403111256/tools/bin/../lib/gcc/arm-none-eabi/12.3.1/../../../../arm-none-eabi/lib/thumb/v7e-m+fp/hard\libc_nano.a(libc_a-mlock.o)
 .ARM.attributes
                0x00000846       0x34 C:/ST/STM32CubeIDE_1.14.1/STM32CubeIDE/plugins/com.st.stm32cube.ide.mcu.externaltools.gnu-tools-for-stm32.12.3.rel1.win32_1.0.100.202403111256/tools/bin/../lib/gcc/arm-none-eabi/12.3.1/../../../../arm-none-eabi/lib/thumb/v7e-m+fp/hard\libc_nano.a(libc_a-nano-svfprintf.o)
 .ARM.attributes
                0x0000087a       0x34 C:/ST/STM32CubeIDE_1.14.1/STM32CubeIDE/plugins/com.st.stm32cube.ide.mcu.externaltools.gnu-tools-for-stm32.12.3.rel1.win32_1.0.100.202403111256/tools/bin/../lib/gcc/arm-none-eabi/12.3.1/../../../../arm-none-eabi/lib/thumb/v7e-m+fp/hard\libc_nano.a(libc_a-nano-vfprintf_i.o)
 .ARM.attributes
                0x000008ae       0x34 C:/ST/STM32CubeIDE_1.14.1/STM32CubeIDE/plugins/com.st.stm32cube.ide.mcu.externaltools.gnu-tools-for-stm32.12.3.rel1.win32_1.0.100.202403111256/tools/bin/../lib/gcc/arm-none-eabi/12.3.1/../../../../arm-none-eabi/lib/thumb/v7e-m+fp/hard\libc_nano.a(libc_a-memmove.o)
 .ARM.attributes
                0x000008e2       0x34 C:/ST/STM32CubeIDE_1.14.1/STM32CubeIDE/plugins/com.st.stm32cube.ide.mcu.externaltools.gnu-tools-for-stm32.12.3.rel1.win32_1.0.100.202403111256/tools/bin/../lib/gcc/arm-none-eabi/12.3.1/../../../../arm-none-eabi/lib/thumb/v7e-m+fp/hard\libc_nano.a(libc_a-sbrkr.o)
 .ARM.attributes
                0x00000916       0x1c C:/ST/STM32CubeIDE_1.14.1/STM32CubeIDE/plugins/com.st.stm32cube.ide.mcu.externaltools.gnu-tools-for-stm32.12.3.rel1.win32_1.0.100.202403111256/tools/bin/../lib/gcc/arm-none-eabi/12.3.1/../../../../arm-none-eabi/lib/thumb/v7e-m+fp/hard\libc_nano.a(libc_a-memchr.o)
 .ARM.attributes
                0x00000932       0x34 C:/ST/STM32CubeIDE_1.14.1/STM32CubeIDE/plugins/com.st.stm32cube.ide.mcu.externaltools.gnu-tools-for-stm32.12.3.rel1.win32_1.0.100.202403111256/tools/bin/../lib/gcc/arm-none-eabi/12.3.1/../../../../arm-none-eabi/lib/thumb/v7e-m+fp/hard\libc_nano.a(libc_a-memcpy-stub.o)
 .ARM.attributes
                0x00000966       0x34 C:/ST/STM32CubeIDE_1.14.1/STM32CubeIDE/plugins/com.st.stm32cube.ide.mcu.externaltools.gnu-tools-for-stm32.12.3.rel1.win32_1.0.100.202403111256/tools/bin/../lib/gcc/arm-none-eabi/12.3.1/../../../../arm-none-eabi/lib/thumb/v7e-m+fp/hard\libc_nano.a(libc_a-reallocr.o)
 .ARM.attributes
                0x0000099a       0x34 C:/ST/STM32CubeIDE_1.14.1/STM32CubeIDE/plugins/com.st.stm32cube.ide.mcu.externaltools.gnu-tools-for-stm32.12.3.rel1.win32_1.0.100.202403111256/tools/bin/../lib/gcc/arm-none-eabi/12.3.1/../../../../arm-none-eabi/lib/thumb/v7e-m+fp/hard\libc_nano.a(libc_a-msizer.o)
 .ARM.attributes
                0x000009ce       0x22 C:/ST/STM32CubeIDE_1.14.1/STM32CubeIDE/plugins/com.st.stm32cube.ide.mcu.externaltools.gnu-tools-for-stm32.12.3.rel1.win32_1.0.100.202403111256/tools/bin/../lib/gcc/arm-none-eabi/12.3.1/thumb/v7e-m+fp/hard\libgcc.a(_aeabi_uldivmod.o)
 .ARM.attributes
                0x000009f0       0x34 C:/ST/STM32CubeIDE_1.14.1/STM32CubeIDE/plugins/com.st.stm32cube.ide.mcu.externaltools.gnu-tools-for-stm32.12.3.rel1.win32_1.0.100.202403111256/tools/bin/../lib/gcc/arm-none-eabi/12.3.1/thumb/v7e-m+fp/hard\libgcc.a(_udivmoddi4.o)
 .ARM.attributes
                0x00000a24       0x22 C:/ST/STM32CubeIDE_1.14.1/STM32CubeIDE/plugins/com.st.stm32cube.ide.mcu.externaltools.gnu-tools-for-stm32.12.3.rel1.win32_1.0.100.202403111256/tools/bin/../lib/gcc/arm-none-eabi/12.3.1/thumb/v7e-m+fp/hard\libgcc.a(_dvmd_tls.o)
 .ARM.attributes
                0x00000a46       0x22 C:/ST/STM32CubeIDE_1.14.1/STM32CubeIDE/plugins/com.st.stm32cube.ide.mcu.externaltools.gnu-tools-for-stm32.12.3.rel1.win32_1.0.100.202403111256/tools/bin/../lib/gcc/arm-none-eabi/12.3.1/thumb/v7e-m+fp/hard/crtn.o
OUTPUT(practiceofexam.elf elf32-littlearm)
LOAD linker stubs
LOAD C:/ST/STM32CubeIDE_1.14.1/STM32CubeIDE/plugins/com.st.stm32cube.ide.mcu.externaltools.gnu-tools-for-stm32.12.3.rel1.win32_1.0.100.202403111256/tools/bin/../lib/gcc/arm-none-eabi/12.3.1/../../../../arm-none-eabi/lib/thumb/v7e-m+fp/hard\libc.a
LOAD C:/ST/STM32CubeIDE_1.14.1/STM32CubeIDE/plugins/com.st.stm32cube.ide.mcu.externaltools.gnu-tools-for-stm32.12.3.rel1.win32_1.0.100.202403111256/tools/bin/../lib/gcc/arm-none-eabi/12.3.1/../../../../arm-none-eabi/lib/thumb/v7e-m+fp/hard\libm.a
LOAD C:/ST/STM32CubeIDE_1.14.1/STM32CubeIDE/plugins/com.st.stm32cube.ide.mcu.externaltools.gnu-tools-for-stm32.12.3.rel1.win32_1.0.100.202403111256/tools/bin/../lib/gcc/arm-none-eabi/12.3.1/thumb/v7e-m+fp/hard\libgcc.a

.debug_info     0x00000000    0x13b69
 .debug_info    0x00000000      0x445 ./Core/Src/dma.o
 .debug_info    0x00000445      0x5e0 ./Core/Src/gpio.o
 .debug_info    0x00000a25     0x199b ./Core/Src/main.o
 .debug_info    0x000023c0      0xcac ./Core/Src/sdio.o
 .debug_info    0x0000306c      0x992 ./Core/Src/spi.o
 .debug_info    0x000039fe      0x291 ./Core/Src/stm32f4xx_hal_msp.o
 .debug_info    0x00003c8f      0x7ef ./Core/Src/stm32f4xx_it.o
 .debug_info    0x0000447e      0x168 ./Core/Src/sysmem.o
 .debug_info    0x000045e6      0x53e ./Core/Src/system_stm32f4xx.o
 .debug_info    0x00004b24      0x98b ./Core/Src/usart.o
 .debug_info    0x000054af       0x30 ./Core/Startup/startup_stm32f411ceux.o
 .debug_info    0x000054df      0x8c4 ./Drivers/STM32F4xx_HAL_Driver/Src/stm32f4xx_hal.o
 .debug_info    0x00005da3      0xcc7 ./Drivers/STM32F4xx_HAL_Driver/Src/stm32f4xx_hal_cortex.o
 .debug_info    0x00006a6a      0x8e6 ./Drivers/STM32F4xx_HAL_Driver/Src/stm32f4xx_hal_dma.o
 .debug_info    0x00007350      0x6f9 ./Drivers/STM32F4xx_HAL_Driver/Src/stm32f4xx_hal_gpio.o
 .debug_info    0x00007a49      0x8f2 ./Drivers/STM32F4xx_HAL_Driver/Src/stm32f4xx_hal_rcc.o
 .debug_info    0x0000833b     0x1c12 ./Drivers/STM32F4xx_HAL_Driver/Src/stm32f4xx_hal_sd.o
 .debug_info    0x00009f4d     0x1606 ./Drivers/STM32F4xx_HAL_Driver/Src/stm32f4xx_hal_spi.o
 .debug_info    0x0000b553     0x2f56 ./Drivers/STM32F4xx_HAL_Driver/Src/stm32f4xx_hal_uart.o
 .debug_info    0x0000e4a9     0x10c4 ./Drivers/STM32F4xx_HAL_Driver/Src/stm32f4xx_ll_sdmmc.o
 .debug_info    0x0000f56d      0x4fb ./FATFS/App/fatfs.o
 .debug_info    0x0000fa68      0xad2 ./FATFS/Target/bsp_driver_sd.o
 .debug_info    0x0001053a      0x1cc ./FATFS/Target/fatfs_platform.o
 .debug_info    0x00010706      0x569 ./FATFS/Target/sd_diskio.o
 .debug_info    0x00010c6f      0x3df ./Middlewares/Third_Party/FatFs/src/diskio.o
 .debug_info    0x0001104e     0x25e3 ./Middlewares/Third_Party/FatFs/src/ff.o
 .debug_info    0x00013631      0x37f ./Middlewares/Third_Party/FatFs/src/ff_gen_drv.o
 .debug_info    0x000139b0      0x1b9 ./Middlewares/Third_Party/FatFs/src/option/ccsbcs.o

.debug_abbrev   0x00000000     0x348b
 .debug_abbrev  0x00000000      0x10e ./Core/Src/dma.o
 .debug_abbrev  0x0000010e      0x173 ./Core/Src/gpio.o
 .debug_abbrev  0x00000281      0x37e ./Core/Src/main.o
 .debug_abbrev  0x000005ff      0x22b ./Core/Src/sdio.o
 .debug_abbrev  0x0000082a      0x1f1 ./Core/Src/spi.o
 .debug_abbrev  0x00000a1b       0xd8 ./Core/Src/stm32f4xx_hal_msp.o
 .debug_abbrev  0x00000af3      0x1d6 ./Core/Src/stm32f4xx_it.o
 .debug_abbrev  0x00000cc9       0xbc ./Core/Src/sysmem.o
 .debug_abbrev  0x00000d85      0x11a ./Core/Src/system_stm32f4xx.o
 .debug_abbrev  0x00000e9f      0x20c ./Core/Src/usart.o
 .debug_abbrev  0x000010ab       0x24 ./Core/Startup/startup_stm32f411ceux.o
 .debug_abbrev  0x000010cf      0x24b ./Drivers/STM32F4xx_HAL_Driver/Src/stm32f4xx_hal.o
 .debug_abbrev  0x0000131a      0x328 ./Drivers/STM32F4xx_HAL_Driver/Src/stm32f4xx_hal_cortex.o
 .debug_abbrev  0x00001642      0x221 ./Drivers/STM32F4xx_HAL_Driver/Src/stm32f4xx_hal_dma.o
 .debug_abbrev  0x00001863      0x1d3 ./Drivers/STM32F4xx_HAL_Driver/Src/stm32f4xx_hal_gpio.o
 .debug_abbrev  0x00001a36      0x2b5 ./Drivers/STM32F4xx_HAL_Driver/Src/stm32f4xx_hal_rcc.o
 .debug_abbrev  0x00001ceb      0x292 ./Drivers/STM32F4xx_HAL_Driver/Src/stm32f4xx_hal_sd.o
 .debug_abbrev  0x00001f7d      0x280 ./Drivers/STM32F4xx_HAL_Driver/Src/stm32f4xx_hal_spi.o
 .debug_abbrev  0x000021fd      0x31b ./Drivers/STM32F4xx_HAL_Driver/Src/stm32f4xx_hal_uart.o
 .debug_abbrev  0x00002518      0x1d6 ./Drivers/STM32F4xx_HAL_Driver/Src/stm32f4xx_ll_sdmmc.o
 .debug_abbrev  0x000026ee      0x15e ./FATFS/App/fatfs.o
 .debug_abbrev  0x0000284c      0x285 ./FATFS/Target/bsp_driver_sd.o
 .debug_abbrev  0x00002ad1      0x107 ./FATFS/Target/fatfs_platform.o
 .debug_abbrev  0x00002bd8      0x22b ./FATFS/Target/sd_diskio.o
 .debug_abbrev  0x00002e03      0x181 ./Middlewares/Third_Party/FatFs/src/diskio.o
 .debug_abbrev  0x00002f84      0x28a ./Middlewares/Third_Party/FatFs/src/ff.o
 .debug_abbrev  0x0000320e      0x19f ./Middlewares/Third_Party/FatFs/src/ff_gen_drv.o
 .debug_abbrev  0x000033ad       0xde ./Middlewares/Third_Party/FatFs/src/option/ccsbcs.o

.debug_aranges  0x00000000     0x1108
 .debug_aranges
                0x00000000       0x20 ./Core/Src/dma.o
 .debug_aranges
                0x00000020       0x20 ./Core/Src/gpio.o
 .debug_aranges
                0x00000040       0xa8 ./Core/Src/main.o
 .debug_aranges
                0x000000e8       0x30 ./Core/Src/sdio.o
 .debug_aranges
                0x00000118       0x30 ./Core/Src/spi.o
 .debug_aranges
                0x00000148       0x20 ./Core/Src/stm32f4xx_hal_msp.o
 .debug_aranges
                0x00000168       0x90 ./Core/Src/stm32f4xx_it.o
 .debug_aranges
                0x000001f8       0x20 ./Core/Src/sysmem.o
 .debug_aranges
                0x00000218       0x28 ./Core/Src/system_stm32f4xx.o
 .debug_aranges
                0x00000240       0x30 ./Core/Src/usart.o
 .debug_aranges
                0x00000270       0x28 ./Core/Startup/startup_stm32f411ceux.o
 .debug_aranges
                0x00000298       0xf0 ./Drivers/STM32F4xx_HAL_Driver/Src/stm32f4xx_hal.o
 .debug_aranges
                0x00000388      0x120 ./Drivers/STM32F4xx_HAL_Driver/Src/stm32f4xx_hal_cortex.o
 .debug_aranges
                0x000004a8       0x90 ./Drivers/STM32F4xx_HAL_Driver/Src/stm32f4xx_hal_dma.o
 .debug_aranges
                0x00000538       0x58 ./Drivers/STM32F4xx_HAL_Driver/Src/stm32f4xx_hal_gpio.o
 .debug_aranges
                0x00000590       0x88 ./Drivers/STM32F4xx_HAL_Driver/Src/stm32f4xx_hal_rcc.o
 .debug_aranges
                0x00000618      0x168 ./Drivers/STM32F4xx_HAL_Driver/Src/stm32f4xx_hal_sd.o
 .debug_aranges
                0x00000780      0x1d0 ./Drivers/STM32F4xx_HAL_Driver/Src/stm32f4xx_hal_spi.o
 .debug_aranges
                0x00000950      0x208 ./Drivers/STM32F4xx_HAL_Driver/Src/stm32f4xx_hal_uart.o
 .debug_aranges
                0x00000b58      0x188 ./Drivers/STM32F4xx_HAL_Driver/Src/stm32f4xx_ll_sdmmc.o
 .debug_aranges
                0x00000ce0       0x28 ./FATFS/App/fatfs.o
 .debug_aranges
                0x00000d08       0xa0 ./FATFS/Target/bsp_driver_sd.o
 .debug_aranges
                0x00000da8       0x20 ./FATFS/Target/fatfs_platform.o
 .debug_aranges
                0x00000dc8       0x60 ./FATFS/Target/sd_diskio.o
 .debug_aranges
                0x00000e28       0x48 ./Middlewares/Third_Party/FatFs/src/diskio.o
 .debug_aranges
                0x00000e70      0x230 ./Middlewares/Third_Party/FatFs/src/ff.o
 .debug_aranges
                0x000010a0       0x40 ./Middlewares/Third_Party/FatFs/src/ff_gen_drv.o
 .debug_aranges
                0x000010e0       0x28 ./Middlewares/Third_Party/FatFs/src/option/ccsbcs.o

.debug_rnglists
                0x00000000      0xcf3
 .debug_rnglists
                0x00000000       0x13 ./Core/Src/dma.o
 .debug_rnglists
                0x00000013       0x14 ./Core/Src/gpio.o
 .debug_rnglists
                0x00000027       0x81 ./Core/Src/main.o
 .debug_rnglists
                0x000000a8       0x20 ./Core/Src/sdio.o
 .debug_rnglists
                0x000000c8       0x20 ./Core/Src/spi.o
 .debug_rnglists
                0x000000e8       0x13 ./Core/Src/stm32f4xx_hal_msp.o
 .debug_rnglists
                0x000000fb       0x67 ./Core/Src/stm32f4xx_it.o
 .debug_rnglists
                0x00000162       0x13 ./Core/Src/sysmem.o
 .debug_rnglists
                0x00000175       0x1a ./Core/Src/system_stm32f4xx.o
 .debug_rnglists
                0x0000018f       0x20 ./Core/Src/usart.o
 .debug_rnglists
                0x000001af       0x19 ./Core/Startup/startup_stm32f411ceux.o
 .debug_rnglists
                0x000001c8       0xaf ./Drivers/STM32F4xx_HAL_Driver/Src/stm32f4xx_hal.o
 .debug_rnglists
                0x00000277       0xd4 ./Drivers/STM32F4xx_HAL_Driver/Src/stm32f4xx_hal_cortex.o
 .debug_rnglists
                0x0000034b       0x70 ./Drivers/STM32F4xx_HAL_Driver/Src/stm32f4xx_hal_dma.o
 .debug_rnglists
                0x000003bb       0x3f ./Drivers/STM32F4xx_HAL_Driver/Src/stm32f4xx_hal_gpio.o
 .debug_rnglists
                0x000003fa       0x66 ./Drivers/STM32F4xx_HAL_Driver/Src/stm32f4xx_hal_rcc.o
 .debug_rnglists
                0x00000460      0x121 ./Drivers/STM32F4xx_HAL_Driver/Src/stm32f4xx_hal_sd.o
 .debug_rnglists
                0x00000581      0x16f ./Drivers/STM32F4xx_HAL_Driver/Src/stm32f4xx_hal_spi.o
 .debug_rnglists
                0x000006f0      0x1bc ./Drivers/STM32F4xx_HAL_Driver/Src/stm32f4xx_hal_uart.o
 .debug_rnglists
                0x000008ac      0x125 ./Drivers/STM32F4xx_HAL_Driver/Src/stm32f4xx_ll_sdmmc.o
 .debug_rnglists
                0x000009d1       0x19 ./FATFS/App/fatfs.o
 .debug_rnglists
                0x000009ea       0x73 ./FATFS/Target/bsp_driver_sd.o
 .debug_rnglists
                0x00000a5d       0x13 ./FATFS/Target/fatfs_platform.o
 .debug_rnglists
                0x00000a70       0x46 ./FATFS/Target/sd_diskio.o
 .debug_rnglists
                0x00000ab6       0x31 ./Middlewares/Third_Party/FatFs/src/diskio.o
 .debug_rnglists
                0x00000ae7      0x1c6 ./Middlewares/Third_Party/FatFs/src/ff.o
 .debug_rnglists
                0x00000cad       0x2c ./Middlewares/Third_Party/FatFs/src/ff_gen_drv.o
 .debug_rnglists
                0x00000cd9       0x1a ./Middlewares/Third_Party/FatFs/src/option/ccsbcs.o

.debug_macro    0x00000000    0x195ab
 .debug_macro   0x00000000      0x1f6 ./Core/Src/dma.o
 .debug_macro   0x000001f6      0xab4 ./Core/Src/dma.o
 .debug_macro   0x00000caa      0x2a1 ./Core/Src/dma.o
 .debug_macro   0x00000f4b       0x2e ./Core/Src/dma.o
 .debug_macro   0x00000f79       0x28 ./Core/Src/dma.o
 .debug_macro   0x00000fa1       0x22 ./Core/Src/dma.o
 .debug_macro   0x00000fc3       0x8e ./Core/Src/dma.o
 .debug_macro   0x00001051       0x51 ./Core/Src/dma.o
 .debug_macro   0x000010a2      0x103 ./Core/Src/dma.o
 .debug_macro   0x000011a5       0x6a ./Core/Src/dma.o
 .debug_macro   0x0000120f      0x1df ./Core/Src/dma.o
 .debug_macro   0x000013ee       0x1c ./Core/Src/dma.o
 .debug_macro   0x0000140a       0x22 ./Core/Src/dma.o
 .debug_macro   0x0000142c       0xfb ./Core/Src/dma.o
 .debug_macro   0x00001527     0x1011 ./Core/Src/dma.o
 .debug_macro   0x00002538      0x11f ./Core/Src/dma.o
 .debug_macro   0x00002657     0xb953 ./Core/Src/dma.o
 .debug_macro   0x0000dfaa       0x6d ./Core/Src/dma.o
 .debug_macro   0x0000e017     0x368c ./Core/Src/dma.o
 .debug_macro   0x000116a3      0x189 ./Core/Src/dma.o
 .debug_macro   0x0001182c       0x5c ./Core/Src/dma.o
 .debug_macro   0x00011888      0x45c ./Core/Src/dma.o
 .debug_macro   0x00011ce4      0x9e9 ./Core/Src/dma.o
 .debug_macro   0x000126cd      0x115 ./Core/Src/dma.o
 .debug_macro   0x000127e2      0x11b ./Core/Src/dma.o
 .debug_macro   0x000128fd       0xa5 ./Core/Src/dma.o
 .debug_macro   0x000129a2      0x15f ./Core/Src/dma.o
 .debug_macro   0x00012b01      0x287 ./Core/Src/dma.o
 .debug_macro   0x00012d88       0x5f ./Core/Src/dma.o
 .debug_macro   0x00012de7      0x236 ./Core/Src/dma.o
 .debug_macro   0x0001301d      0x132 ./Core/Src/dma.o
 .debug_macro   0x0001314f      0x264 ./Core/Src/dma.o
 .debug_macro   0x000133b3       0x2e ./Core/Src/dma.o
 .debug_macro   0x000133e1      0x127 ./Core/Src/dma.o
 .debug_macro   0x00013508       0x85 ./Core/Src/dma.o
 .debug_macro   0x0001358d       0x89 ./Core/Src/dma.o
 .debug_macro   0x00013616      0x868 ./Core/Src/dma.o
 .debug_macro   0x00013e7e      0x1d5 ./Core/Src/dma.o
 .debug_macro   0x00014053      0x225 ./Core/Src/dma.o
 .debug_macro   0x00014278      0x2aa ./Core/Src/dma.o
 .debug_macro   0x00014522      0x126 ./Core/Src/dma.o
 .debug_macro   0x00014648       0x34 ./Core/Src/dma.o
 .debug_macro   0x0001467c      0x1f6 ./Core/Src/gpio.o
 .debug_macro   0x00014872      0x438 ./Core/Src/main.o
 .debug_macro   0x00014caa       0x1c ./Core/Src/main.o
 .debug_macro   0x00014cc6       0x34 ./Core/Src/main.o
 .debug_macro   0x00014cfa       0xe5 ./Core/Src/main.o
 .debug_macro   0x00014ddf       0x2a ./Core/Src/main.o
 .debug_macro   0x00014e09       0x61 ./Core/Src/main.o
 .debug_macro   0x00014e6a       0x43 ./Core/Src/main.o
 .debug_macro   0x00014ead       0x34 ./Core/Src/main.o
 .debug_macro   0x00014ee1       0x16 ./Core/Src/main.o
 .debug_macro   0x00014ef7       0x35 ./Core/Src/main.o
 .debug_macro   0x00014f2c       0x16 ./Core/Src/main.o
 .debug_macro   0x00014f42       0x43 ./Core/Src/main.o
 .debug_macro   0x00014f85       0x34 ./Core/Src/main.o
 .debug_macro   0x00014fb9       0x10 ./Core/Src/main.o
 .debug_macro   0x00014fc9       0x58 ./Core/Src/main.o
 .debug_macro   0x00015021       0x8e ./Core/Src/main.o
 .debug_macro   0x000150af       0x1c ./Core/Src/main.o
 .debug_macro   0x000150cb      0x177 ./Core/Src/main.o
 .debug_macro   0x00015242      0x369 ./Core/Src/main.o
 .debug_macro   0x000155ab       0x16 ./Core/Src/main.o
 .debug_macro   0x000155c1       0x29 ./Core/Src/main.o
 .debug_macro   0x000155ea       0x12 ./Core/Src/main.o
 .debug_macro   0x000155fc       0xe2 ./Core/Src/main.o
 .debug_macro   0x000156de       0x8e ./Core/Src/main.o
 .debug_macro   0x0001576c       0x1c ./Core/Src/main.o
 .debug_macro   0x00015788       0x10 ./Core/Src/main.o
 .debug_macro   0x00015798       0x1c ./Core/Src/main.o
 .debug_macro   0x000157b4       0x16 ./Core/Src/main.o
 .debug_macro   0x000157ca      0x146 ./Core/Src/main.o
 .debug_macro   0x00015910       0x16 ./Core/Src/main.o
 .debug_macro   0x00015926       0x20 ./Core/Src/main.o
 .debug_macro   0x00015946       0x4c ./Core/Src/main.o
 .debug_macro   0x00015992       0x22 ./Core/Src/main.o
 .debug_macro   0x000159b4       0x16 ./Core/Src/main.o