../Core/Src/main.c:138:6:HAL_GPIO_EXTI_Callback	16	static
../Core/Src/main.c:155:6:HAL_UART_RxCpltCallback	16	static
../Core/Src/main.c:163:6:uart_send	68	static
../Core/Src/main.c:178:6:SD_WRITE	64	static
../Core/Src/main.c:222:6:SD_READ	32	static
../Core/Src/main.c:247:6:sd_init_user	8	static
../Core/Src/main.c:258:6:ST7735_LCD_Init	16	static
../Core/Src/main.c:278:6:ST7735_LCD_ADD_SET	32	static
../Core/Src/main.c:289:6:ST7735_Send_Packet	24	static
../Core/Src/main.c:300:6:ST7735_CMD	16	static
../Core/Src/main.c:315:6:ST7735_LCD_FillFullScreen	24	static
../Core/Src/main.c:319:6:ST7735_LCD_FILLBlock	32	static
../Core/Src/main.c:336:6:SEL_COLOR	24	static
../Core/Src/main.c:344:6:ST7735_LCD_FILLBlock_Char	32	static
../Core/Src/main.c:368:6:ST7735_LCD_Write_String	40	static
../Core/Src/main.c:422:5:main	56	static
../Core/Src/main.c:529:6:SystemClock_Config	88	static
../Core/Src/main.c:579:6:Error_Handler	4	static,ignoring_inline_asm
